Archive member included because of file (symbol)

C:\Users\13113117\Desktop\FinalProject\UTS_EmbeddedSoftware\Library\libOS.a(OS.o)
                              ./Sources/main.o (OS_Init)
C:\Users\13113117\Desktop\FinalProject\UTS_EmbeddedSoftware\Library\libAnalog.a(analog.o)
                              ./Sources/main.o (Analog_Init)
C:\Users\13113117\Desktop\FinalProject\UTS_EmbeddedSoftware\Library\libAnalog.a(SPI.o)
                              C:\Users\13113117\Desktop\FinalProject\UTS_EmbeddedSoftware\Library\libAnalog.a(analog.o) (SPI_Init)
c:/freescale/kds_3.0.0/toolchain/bin/../lib/gcc/arm-none-eabi/4.8.4/../../../../arm-none-eabi/lib/armv7e-m/fpu\libm.a(lib_a-w_sqrt.o)
                              ./Sources/main.o (sqrt)
c:/freescale/kds_3.0.0/toolchain/bin/../lib/gcc/arm-none-eabi/4.8.4/../../../../arm-none-eabi/lib/armv7e-m/fpu\libm.a(lib_a-e_sqrt.o)
                              c:/freescale/kds_3.0.0/toolchain/bin/../lib/gcc/arm-none-eabi/4.8.4/../../../../arm-none-eabi/lib/armv7e-m/fpu\libm.a(lib_a-w_sqrt.o) (__ieee754_sqrt)
c:/freescale/kds_3.0.0/toolchain/bin/../lib/gcc/arm-none-eabi/4.8.4/../../../../arm-none-eabi/lib/armv7e-m/fpu\libm.a(lib_a-s_fpclassify.o)
                              c:/freescale/kds_3.0.0/toolchain/bin/../lib/gcc/arm-none-eabi/4.8.4/../../../../arm-none-eabi/lib/armv7e-m/fpu\libm.a(lib_a-w_sqrt.o) (__fpclassifyd)
c:/freescale/kds_3.0.0/toolchain/bin/../lib/gcc/arm-none-eabi/4.8.4/../../../../arm-none-eabi/lib/armv7e-m/fpu\libm.a(lib_a-s_lib_ver.o)
                              c:/freescale/kds_3.0.0/toolchain/bin/../lib/gcc/arm-none-eabi/4.8.4/../../../../arm-none-eabi/lib/armv7e-m/fpu\libm.a(lib_a-w_sqrt.o) (__fdlib_version)
c:/freescale/kds_3.0.0/toolchain/bin/../lib/gcc/arm-none-eabi/4.8.4/../../../../arm-none-eabi/lib/armv7e-m/fpu\libm.a(lib_a-s_matherr.o)
                              c:/freescale/kds_3.0.0/toolchain/bin/../lib/gcc/arm-none-eabi/4.8.4/../../../../arm-none-eabi/lib/armv7e-m/fpu\libm.a(lib_a-w_sqrt.o) (matherr)
c:/freescale/kds_3.0.0/toolchain/bin/../lib/gcc/arm-none-eabi/4.8.4/armv7e-m/fpu\libgcc.a(_arm_addsubdf3.o)
                              ./Sources/main.o (__aeabi_dsub)
c:/freescale/kds_3.0.0/toolchain/bin/../lib/gcc/arm-none-eabi/4.8.4/armv7e-m/fpu\libgcc.a(_arm_muldivdf3.o)
                              ./Sources/main.o (__aeabi_dmul)
c:/freescale/kds_3.0.0/toolchain/bin/../lib/gcc/arm-none-eabi/4.8.4/armv7e-m/fpu\libgcc.a(_arm_cmpdf2.o)
                              ./Sources/main.o (__aeabi_dcmplt)
c:/freescale/kds_3.0.0/toolchain/bin/../lib/gcc/arm-none-eabi/4.8.4/armv7e-m/fpu\libgcc.a(_arm_fixunsdfsi.o)
                              ./Sources/main.o (__aeabi_d2uiz)
c:/freescale/kds_3.0.0/toolchain/bin/../lib/gcc/arm-none-eabi/4.8.4/armv7e-m/fpu\libgcc.a(_arm_truncdfsf2.o)
                              ./Sources/main.o (__aeabi_d2f)
c:/freescale/kds_3.0.0/toolchain/bin/../lib/gcc/arm-none-eabi/4.8.4/armv7e-m/fpu\libgcc.a(_aeabi_uldivmod.o)
                              ./Sources/PIT.o (__aeabi_uldivmod)
c:/freescale/kds_3.0.0/toolchain/bin/../lib/gcc/arm-none-eabi/4.8.4/armv7e-m/fpu\libgcc.a(_fixunssfdi.o)
                              ./Sources/main.o (__aeabi_f2ulz)
c:/freescale/kds_3.0.0/toolchain/bin/../lib/gcc/arm-none-eabi/4.8.4/armv7e-m/fpu\libgcc.a(bpabi.o)
                              c:/freescale/kds_3.0.0/toolchain/bin/../lib/gcc/arm-none-eabi/4.8.4/armv7e-m/fpu\libgcc.a(_aeabi_uldivmod.o) (__gnu_uldivmod_helper)
c:/freescale/kds_3.0.0/toolchain/bin/../lib/gcc/arm-none-eabi/4.8.4/armv7e-m/fpu\libgcc.a(_dvmd_tls.o)
                              c:/freescale/kds_3.0.0/toolchain/bin/../lib/gcc/arm-none-eabi/4.8.4/armv7e-m/fpu\libgcc.a(_aeabi_uldivmod.o) (__aeabi_ldiv0)
c:/freescale/kds_3.0.0/toolchain/bin/../lib/gcc/arm-none-eabi/4.8.4/armv7e-m/fpu\libgcc.a(_divdi3.o)
                              c:/freescale/kds_3.0.0/toolchain/bin/../lib/gcc/arm-none-eabi/4.8.4/armv7e-m/fpu\libgcc.a(bpabi.o) (__divdi3)
c:/freescale/kds_3.0.0/toolchain/bin/../lib/gcc/arm-none-eabi/4.8.4/armv7e-m/fpu\libgcc.a(_udivdi3.o)
                              c:/freescale/kds_3.0.0/toolchain/bin/../lib/gcc/arm-none-eabi/4.8.4/armv7e-m/fpu\libgcc.a(bpabi.o) (__udivdi3)
c:/freescale/kds_3.0.0/toolchain/bin/../lib/gcc/arm-none-eabi/4.8.4/../../../../arm-none-eabi/lib/armv7e-m/fpu\libg_s.a(lib_a-errno.o)
                              c:/freescale/kds_3.0.0/toolchain/bin/../lib/gcc/arm-none-eabi/4.8.4/../../../../arm-none-eabi/lib/armv7e-m/fpu\libm.a(lib_a-w_sqrt.o) (__errno)
c:/freescale/kds_3.0.0/toolchain/bin/../lib/gcc/arm-none-eabi/4.8.4/../../../../arm-none-eabi/lib/armv7e-m/fpu\libg_s.a(lib_a-exit.o)
                              c:/freescale/kds_3.0.0/toolchain/bin/../lib/gcc/arm-none-eabi/4.8.4/../../../../arm-none-eabi/lib/armv7e-m/fpu/crt0.o (exit)
c:/freescale/kds_3.0.0/toolchain/bin/../lib/gcc/arm-none-eabi/4.8.4/../../../../arm-none-eabi/lib/armv7e-m/fpu\libg_s.a(lib_a-impure.o)
[...]
Memory Configuration

Name             Origin             Length             Attributes
m_interrupts     0x00000000         0x000001e8         xr
m_text           0x00000410         0x0007fbf0         xr
m_data           0x1fff0000         0x00010000         rw
m_data_20000000  0x20000000         0x00010000         rw
m_cfmprotrom     0x00000400         0x00000010         xr
*default*        0x00000000         0xffffffff

Linker script and memory map

LOAD c:/freescale/kds_3.0.0/toolchain/bin/../lib/gcc/arm-none-eabi/4.8.4/armv7e-m/fpu/crti.o
LOAD c:/freescale/kds_3.0.0/toolchain/bin/../lib/gcc/arm-none-eabi/4.8.4/armv7e-m/fpu/crtbegin.o
LOAD c:/freescale/kds_3.0.0/toolchain/bin/../lib/gcc/arm-none-eabi/4.8.4/../../../../arm-none-eabi/lib/armv7e-m/fpu/crt0.o
LOAD ./Sources/FIFO.o
LOAD ./Sources/Flash.o
LOAD ./Sources/LEDs.o
LOAD ./Sources/PIT.o
LOAD ./Sources/UART.o
LOAD ./Sources/main.o
LOAD ./Sources/packet.o
LOAD ./Project_Settings/Startup_Code/startup.o
LOAD ./Generated_Code/Cpu.o
LOAD ./Generated_Code/Vectors.o
LOAD C:\Users\13113117\Desktop\FinalProject\UTS_EmbeddedSoftware\Library\libOS.a
LOAD C:\Users\13113117\Desktop\FinalProject\UTS_EmbeddedSoftware\Library\libAnalog.a
LOAD c:/freescale/kds_3.0.0/toolchain/bin/../lib/gcc/arm-none-eabi/4.8.4/../../../../arm-none-eabi/lib/armv7e-m/fpu\libstdc++_s.a
LOAD c:/freescale/kds_3.0.0/toolchain/bin/../lib/gcc/arm-none-eabi/4.8.4/../../../../arm-none-eabi/lib/armv7e-m/fpu\libm.a
START GROUP
LOAD c:/freescale/kds_3.0.0/toolchain/bin/../lib/gcc/arm-none-eabi/4.8.4/armv7e-m/fpu\libgcc.a
LOAD c:/freescale/kds_3.0.0/toolchain/bin/../lib/gcc/arm-none-eabi/4.8.4/../../../../arm-none-eabi/lib/armv7e-m/fpu\libg_s.a
LOAD c:/freescale/kds_3.0.0/toolchain/bin/../lib/gcc/arm-none-eabi/4.8.4/../../../../arm-none-eabi/lib/armv7e-m/fpu\libc_s.a
END GROUP
START GROUP
LOAD c:/freescale/kds_3.0.0/toolchain/bin/../lib/gcc/arm-none-eabi/4.8.4/armv7e-m/fpu\libgcc.a
LOAD c:/freescale/kds_3.0.0/toolchain/bin/../lib/gcc/arm-none-eabi/4.8.4/../../../../arm-none-eabi/lib/armv7e-m/fpu\libc_s.a
LOAD c:/freescale/kds_3.0.0/toolchain/bin/../lib/gcc/arm-none-eabi/4.8.4/../../../../arm-none-eabi/lib/armv7e-m/fpu\libnosys.a
END GROUP
START GROUP
LOAD c:/freescale/kds_3.0.0/toolchain/bin/../lib/gcc/arm-none-eabi/4.8.4/armv7e-m/fpu\libgcc.a
LOAD c:/freescale/kds_3.0.0/toolchain/bin/../lib/gcc/arm-none-eabi/4.8.4/../../../../arm-none-eabi/lib/armv7e-m/fpu\libc_s.a
LOAD c:/freescale/kds_3.0.0/toolchain/bin/../lib/gcc/arm-none-eabi/4.8.4/../../../../arm-none-eabi/lib/armv7e-m/fpu\libnosys.a
END GROUP
LOAD c:/freescale/kds_3.0.0/toolchain/bin/../lib/gcc/arm-none-eabi/4.8.4/armv7e-m/fpu/crtend.o
LOAD c:/freescale/kds_3.0.0/toolchain/bin/../lib/gcc/arm-none-eabi/4.8.4/armv7e-m/fpu/crtn.o
                0x20000000                _estack = 0x20000000
                0x20000000                __SP_INIT = _estack
                0x20000000                __stack = _estack
                0x00000000                __heap_size = 0x0
                0x00000400                __stack_size = 0x400

.interrupts     0x00000000      0x1e8
                0x00000000                __vector_table = .
                0x00000000                . = ALIGN (0x4)
 *(.vectortable)
 .vectortable   0x00000000      0x1e8 ./Generated_Code/Vectors.o
                0x00000000                __vect_table
                0x000001e8                . = ALIGN (0x4)

.cfmprotect     0x00000400       0x10
                0x00000400                . = ALIGN (0x4)
 *(.cfmconfig)
 .cfmconfig     0x00000400       0x10 ./Generated_Code/Cpu.o
                0x00000400                _cfm
                0x00000410                . = ALIGN (0x4)

.text           0x00000410     0x450c
                0x00000410                . = ALIGN (0x4)
 *(.text)
 .text          0x00000410       0x54 c:/freescale/kds_3.0.0/toolchain/bin/../lib/gcc/arm-none-eabi/4.8.4/armv7e-m/fpu/crtbegin.o
 .text          0x00000464       0x74 c:/freescale/kds_3.0.0/toolchain/bin/../lib/gcc/arm-none-eabi/4.8.4/../../../../arm-none-eabi/lib/armv7e-m/fpu/crt0.o
                0x00000464                _start
                0x00000464                _mainCRTStartup
 .text          0x000004d8      0x370 c:/freescale/kds_3.0.0/toolchain/bin/../lib/gcc/arm-none-eabi/4.8.4/armv7e-m/fpu\libgcc.a(_arm_addsubdf3.o)
                0x000004d8                __aeabi_drsub
                0x000004e0                __aeabi_dsub
                0x000004e0                __subdf3
                0x000004e4                __aeabi_dadd
                0x000004e4                __adddf3
                0x0000075c                __floatunsidf
                0x0000075c                __aeabi_ui2d
                0x0000077c                __floatsidf
                0x0000077c                __aeabi_i2d
                0x000007a0                __aeabi_f2d
                0x000007a0                __extendsfdf2
                0x000007dc                __floatundidf
                0x000007dc                __aeabi_ul2d
                0x000007ec                __floatdidf
                0x000007ec                __aeabi_l2d
 .text          0x00000848      0x424 c:/freescale/kds_3.0.0/toolchain/bin/../lib/gcc/arm-none-eabi/4.8.4/armv7e-m/fpu\libgcc.a(_arm_muldivdf3.o)
                0x00000848                __aeabi_dmul
                0x00000848                __muldf3
                0x00000a9c                __divdf3
                0x00000a9c                __aeabi_ddiv
 .text          0x00000c6c      0x110 c:/freescale/kds_3.0.0/toolchain/bin/../lib/gcc/arm-none-eabi/4.8.4/armv7e-m/fpu\libgcc.a(_arm_cmpdf2.o)
                0x00000c6c                __gtdf2
                0x00000c6c                __gedf2
                0x00000c74                __ltdf2
                0x00000c74                __ledf2
                0x00000c7c                __nedf2
                0x00000c7c                __eqdf2
                0x00000c7c                __cmpdf2
                0x00000cf8                __aeabi_cdrcmple
                0x00000d08                __aeabi_cdcmpeq
                0x00000d08                __aeabi_cdcmple
                0x00000d18                __aeabi_dcmpeq
                0x00000d2c                __aeabi_dcmplt
                0x00000d40                __aeabi_dcmple
                0x00000d54                __aeabi_dcmpge
                0x00000d68                __aeabi_dcmpgt
 .text          0x00000d7c       0x40 c:/freescale/kds_3.0.0/toolchain/bin/../lib/gcc/arm-none-eabi/4.8.4/armv7e-m/fpu\libgcc.a(_arm_fixunsdfsi.o)
                0x00000d7c                __aeabi_d2uiz
                0x00000d7c                __fixunsdfsi
 .text          0x00000dbc       0xa0 c:/freescale/kds_3.0.0/toolchain/bin/../lib/gcc/arm-none-eabi/4.8.4/armv7e-m/fpu\libgcc.a(_arm_truncdfsf2.o)
                0x00000dbc                __truncdfsf2
                0x00000dbc                __aeabi_d2f
 .text          0x00000e5c       0x2c c:/freescale/kds_3.0.0/toolchain/bin/../lib/gcc/arm-none-eabi/4.8.4/armv7e-m/fpu\libgcc.a(_aeabi_uldivmod.o)
                0x00000e5c                __aeabi_uldivmod
 .text          0x00000e88       0x48 c:/freescale/kds_3.0.0/toolchain/bin/../lib/gcc/arm-none-eabi/4.8.4/armv7e-m/fpu\libgcc.a(_fixunssfdi.o)
                0x00000e88                __fixunssfdi
                0x00000e88                __aeabi_f2ulz
 .text          0x00000ed0       0x60 c:/freescale/kds_3.0.0/toolchain/bin/../lib/gcc/arm-none-eabi/4.8.4/armv7e-m/fpu\libgcc.a(bpabi.o)
                0x00000ed0                __gnu_ldivmod_helper
                0x00000f00                __gnu_uldivmod_helper
 .text          0x00000f30        0x4 c:/freescale/kds_3.0.0/toolchain/bin/../lib/gcc/arm-none-eabi/4.8.4/armv7e-m/fpu\libgcc.a(_dvmd_tls.o)
                0x00000f30                __aeabi_idiv0
                0x00000f30                __aeabi_ldiv0
 .text          0x00000f34      0x298 c:/freescale/kds_3.0.0/toolchain/bin/../lib/gcc/arm-none-eabi/4.8.4/armv7e-m/fpu\libgcc.a(_divdi3.o)
                0x00000f34                __divdi3
 .text          0x000011cc      0x284 c:/freescale/kds_3.0.0/toolchain/bin/../lib/gcc/arm-none-eabi/4.8.4/armv7e-m/fpu\libgcc.a(_udivdi3.o)
                0x000011cc                __udivdi3
 *(.text*)
 .text.FIFO_Init
                0x00001450       0x4c ./Sources/FIFO.o
                0x00001450                FIFO_Init
 .text.FIFO_Put
                0x0000149c       0x84 ./Sources/FIFO.o
                0x0000149c                FIFO_Put
 .text.FIFO_Get
                0x00001520       0x84 ./Sources/FIFO.o
                0x00001520                FIFO_Get
 .text.WaitCCIF
                0x000015a4       0x20 ./Sources/Flash.o
 .text.SetCCIF  0x000015c4       0x14 ./Sources/Flash.o
 .text.ReadPhrase
                0x000015d8       0x24 ./Sources/Flash.o
 .text.WritePhrase
                0x000015fc       0x9c ./Sources/Flash.o
 .text.Flash_ReadByte
                0x00001698       0x38 ./Sources/Flash.o
                0x00001698                Flash_ReadByte
 .text.Flash_Init
                0x000016d0       0x2c ./Sources/Flash.o
                0x000016d0                Flash_Init
 .text.Flash_Write8
                0x000016fc       0x50 ./Sources/Flash.o
                0x000016fc                Flash_Write8
 .text.Flash_Erase
                0x0000174c       0x40 ./Sources/Flash.o
                0x0000174c                Flash_Erase
 .text.LEDs_Init
                0x0000178c       0xc4 ./Sources/LEDs.o
                0x0000178c                LEDs_Init
 .text.LEDs_On  0x00001850       0x24 ./Sources/LEDs.o
                0x00001850                LEDs_On
 .text.PIT_Init
                0x00001874       0xc4 ./Sources/PIT.o
                0x00001874                PIT_Init
 .text.PIT_Set  0x00001938      0x14c ./Sources/PIT.o
                0x00001938                PIT_Set
 .text.PIT_Enable
                0x00001a84       0x7c ./Sources/PIT.o
                0x00001a84                PIT_Enable
 .text.PIT0_ISR
                0x00001b00       0x40 ./Sources/PIT.o
                0x00001b00                PIT0_ISR
 .text.PIT1_ISR
                0x00001b40       0x40 ./Sources/PIT.o
                0x00001b40                PIT1_ISR
 .text.UART_Init
                0x00001b80      0x168 ./Sources/UART.o
                0x00001b80                UART_Init
 .text.UART_InChar
                0x00001ce8       0x20 ./Sources/UART.o
                0x00001ce8                UART_InChar
 .text.UART_OutChar
                0x00001d08       0x28 ./Sources/UART.o
                0x00001d08                UART_OutChar
 .text.TxThread
                0x00001d30       0x40 ./Sources/UART.o
                0x00001d30                TxThread
 .text.RxThread
                0x00001d70       0x3c ./Sources/UART.o
                0x00001d70                RxThread
 .text.UART_ISR
                0x00001dac       0xa0 ./Sources/UART.o
                0x00001dac                UART_ISR
 .text.SendStartupPacket
                0x00001e4c       0x48 ./Sources/main.o
                0x00001e4c                SendStartupPacket
 .text.SendReadBytePacket
                0x00001e94       0x3c ./Sources/main.o
                0x00001e94                SendReadBytePacket
 .text.HandleStartupPacket
                0x00001ed0       0x40 ./Sources/main.o
                0x00001ed0                HandleStartupPacket
 .text.HandleProgramBytePacket
                0x00001f10       0x5c ./Sources/main.o
                0x00001f10                HandleProgramBytePacket
 .text.HandleReadBytePacket
                0x00001f6c       0x34 ./Sources/main.o
                0x00001f6c                HandleReadBytePacket
 .text.HandlePacket
                0x00001fa0       0xa8 ./Sources/main.o
                0x00001fa0                HandlePacket
 .text.InitModulesThread
                0x00002048       0xf8 ./Sources/main.o
 .text.SamplingThread
                0x00002140      0x10c ./Sources/main.o
                0x00002140                SamplingThread
 .text.PIT0Thread
                0x0000224c       0x48 ./Sources/main.o
                0x0000224c                PIT0Thread
 *fill*         0x00002294        0x4 
 .text.PIT1Thread
                0x00002298      0x350 ./Sources/main.o
                0x00002298                PIT1Thread
 .text.PacketThread
                0x000025e8       0x20 ./Sources/main.o
                0x000025e8                PacketThread
 .text.main     0x00002608      0x108 ./Sources/main.o
                0x00002608                main
 .text.PITCallback
                0x00002710       0x14 ./Sources/main.o
 .text.rawToVoltage
                0x00002724       0x54 ./Sources/main.o
                0x00002724                rawToVoltage
 .text.voltageToRaw
                0x00002778       0x50 ./Sources/main.o
                0x00002778                voltageToRaw
 .text.rmsCalc  0x000027c8       0xac ./Sources/main.o
                0x000027c8                rmsCalc
 *fill*         0x00002874        0x4 
 .text.FrequencyTracking
                0x00002878      0x228 ./Sources/main.o
                0x00002878                FrequencyTracking
 .text.PacketTest
                0x00002aa0       0x44 ./Sources/packet.o
                0x00002aa0                PacketTest
 .text.Packet_Init
                0x00002ae4       0x2c ./Sources/packet.o
                0x00002ae4                Packet_Init
 .text.Packet_Get
                0x00002b10      0x1f8 ./Sources/packet.o
                0x00002b10                Packet_Get
 .text.Packet_Put
                0x00002d08       0xf0 ./Sources/packet.o
                0x00002d08                Packet_Put
 .text.__copy_rom_section
                0x00002df8       0xe4 ./Project_Settings/Startup_Code/startup.o
                0x00002df8                __copy_rom_section
 .text.__copy_rom_sections_to_ram
                0x00002edc       0x9c ./Project_Settings/Startup_Code/startup.o
                0x00002edc                __copy_rom_sections_to_ram
 .text.__init_registers
                0x00002f78       0x20 ./Project_Settings/Startup_Code/startup.o
                0x00002f78                __init_registers
 .text.__init_user
                0x00002f98        0xc ./Project_Settings/Startup_Code/startup.o
                0x00002f98                __init_user
 .text.__thumb_startup
                0x00002fa4       0x34 ./Project_Settings/Startup_Code/startup.o
                0x00002fa4                __thumb_startup
 .text.Cpu_Interrupt
                0x00002fd8       0x18 ./Generated_Code/Cpu.o
                0x00002fd8                Cpu_Interrupt
 .text.__init_hardware
                0x00002ff0      0x1cc ./Generated_Code/Cpu.o
                0x00002ff0                __init_hardware
 .text.Cpu_SetBASEPRI
                0x000031bc       0x18 ./Generated_Code/Cpu.o
                0x000031bc                Cpu_SetBASEPRI
 .text.PE_low_level_init
                0x000031d4       0xe4 ./Generated_Code/Cpu.o
                0x000031d4                PE_low_level_init
 .text.OS_Init  0x000032b8      0x110 C:\Users\13113117\Desktop\FinalProject\UTS_EmbeddedSoftware\Library\libOS.a(OS.o)
                0x000032b8                OS_Init
 .text.OS_ISREnter
                0x000033c8       0x20 C:\Users\13113117\Desktop\FinalProject\UTS_EmbeddedSoftware\Library\libOS.a(OS.o)
                0x000033c8                OS_ISREnter
 .text.OS_ISRExit
                0x000033e8       0x1c C:\Users\13113117\Desktop\FinalProject\UTS_EmbeddedSoftware\Library\libOS.a(OS.o)
                0x000033e8                OS_ISRExit
 .text.OS_SemaphoreCreate
                0x00003404       0x90 C:\Users\13113117\Desktop\FinalProject\UTS_EmbeddedSoftware\Library\libOS.a(OS.o)
                0x00003404                OS_SemaphoreCreate
 .text.OS_SemaphoreSignal
                0x00003494       0x44 C:\Users\13113117\Desktop\FinalProject\UTS_EmbeddedSoftware\Library\libOS.a(OS.o)
                0x00003494                OS_SemaphoreSignal
 .text.OS_SemaphoreWait
                0x000034d8       0x58 C:\Users\13113117\Desktop\FinalProject\UTS_EmbeddedSoftware\Library\libOS.a(OS.o)
                0x000034d8                OS_SemaphoreWait
 .text.OS_Start
                0x00003530       0x10 C:\Users\13113117\Desktop\FinalProject\UTS_EmbeddedSoftware\Library\libOS.a(OS.o)
                0x00003530                OS_Start
 .text.OS_ThreadCreate
                0x00003540      0x160 C:\Users\13113117\Desktop\FinalProject\UTS_EmbeddedSoftware\Library\libOS.a(OS.o)
                0x00003540                OS_ThreadCreate
 .text.OS_ThreadDelete
                0x000036a0      0x18c C:\Users\13113117\Desktop\FinalProject\UTS_EmbeddedSoftware\Library\libOS.a(OS.o)
                0x000036a0                OS_ThreadDelete
 .text.EventThreadReady
                0x0000382c       0x68 C:\Users\13113117\Desktop\FinalProject\UTS_EmbeddedSoftware\Library\libOS.a(OS.o)
 .text.EventThreadWait
                0x00003894       0x64 C:\Users\13113117\Desktop\FinalProject\UTS_EmbeddedSoftware\Library\libOS.a(OS.o)
 .text.EventTimeout
                0x000038f8       0x40 C:\Users\13113117\Desktop\FinalProject\UTS_EmbeddedSoftware\Library\libOS.a(OS.o)
 .text.Idle     0x00003938       0x18 C:\Users\13113117\Desktop\FinalProject\UTS_EmbeddedSoftware\Library\libOS.a(OS.o)
 .text.FindFirstSet
                0x00003950       0x44 C:\Users\13113117\Desktop\FinalProject\UTS_EmbeddedSoftware\Library\libOS.a(OS.o)
 .text.Schedule
                0x00003994       0x64 C:\Users\13113117\Desktop\FinalProject\UTS_EmbeddedSoftware\Library\libOS.a(OS.o)
 .text.TCBInit  0x000039f8       0xcc C:\Users\13113117\Desktop\FinalProject\UTS_EmbeddedSoftware\Library\libOS.a(OS.o)
 .text.TimeTick
                0x00003ac4       0x74 C:\Users\13113117\Desktop\FinalProject\UTS_EmbeddedSoftware\Library\libOS.a(OS.o)
 *fill*         0x00003b38        0x8 
 .text.OS_ContextSwitchISR
                0x00003b40       0x70 C:\Users\13113117\Desktop\FinalProject\UTS_EmbeddedSoftware\Library\libOS.a(OS.o)
                0x00003b40                OS_ContextSwitchISR
 .text.OS_SysTickISR
                0x00003bb0       0x5c C:\Users\13113117\Desktop\FinalProject\UTS_EmbeddedSoftware\Library\libOS.a(OS.o)
                0x00003bb0                OS_SysTickISR
 .text.DACWrite
                0x00003c0c       0x6c C:\Users\13113117\Desktop\FinalProject\UTS_EmbeddedSoftware\Library\libAnalog.a(analog.o)
 .text.Analog_Init
                0x00003c78       0x7c C:\Users\13113117\Desktop\FinalProject\UTS_EmbeddedSoftware\Library\libAnalog.a(analog.o)
                0x00003c78                Analog_Init
 .text.Analog_Get
                0x00003cf4       0x78 C:\Users\13113117\Desktop\FinalProject\UTS_EmbeddedSoftware\Library\libAnalog.a(analog.o)
                0x00003cf4                Analog_Get
 .text.Analog_Put
                0x00003d6c       0x50 C:\Users\13113117\Desktop\FinalProject\UTS_EmbeddedSoftware\Library\libAnalog.a(analog.o)
                0x00003d6c                Analog_Put
 .text.InitChipSelectPins
                0x00003dbc       0x6c C:\Users\13113117\Desktop\FinalProject\UTS_EmbeddedSoftware\Library\libAnalog.a(SPI.o)
 .text.SetupModuleConfigurationRegister
                0x00003e28      0x104 C:\Users\13113117\Desktop\FinalProject\UTS_EmbeddedSoftware\Library\libAnalog.a(SPI.o)
 .text.SetBaudRate
                0x00003f2c      0x15c C:\Users\13113117\Desktop\FinalProject\UTS_EmbeddedSoftware\Library\libAnalog.a(SPI.o)
 .text.SetDelayAfterTransfer
                0x00004088      0x168 C:\Users\13113117\Desktop\FinalProject\UTS_EmbeddedSoftware\Library\libAnalog.a(SPI.o)
 .text.SetupClockAndTransferAttributesRegister
                0x000041f0      0x16c C:\Users\13113117\Desktop\FinalProject\UTS_EmbeddedSoftware\Library\libAnalog.a(SPI.o)
 .text.SPI_Init
                0x0000435c       0x90 C:\Users\13113117\Desktop\FinalProject\UTS_EmbeddedSoftware\Library\libAnalog.a(SPI.o)
                0x0000435c                SPI_Init
 .text.SPI_SelectSlaveDevice
                0x000043ec       0x6c C:\Users\13113117\Desktop\FinalProject\UTS_EmbeddedSoftware\Library\libAnalog.a(SPI.o)
                0x000043ec                SPI_SelectSlaveDevice
 .text.SPI_Exchange
                0x00004458       0x94 C:\Users\13113117\Desktop\FinalProject\UTS_EmbeddedSoftware\Library\libAnalog.a(SPI.o)
                0x00004458                SPI_Exchange
 .text.sqrt     0x000044ec       0xbc c:/freescale/kds_3.0.0/toolchain/bin/../lib/gcc/arm-none-eabi/4.8.4/../../../../arm-none-eabi/lib/armv7e-m/fpu\libm.a(lib_a-w_sqrt.o)
                0x000044ec                sqrt
 .text.__ieee754_sqrt
                0x000045a8      0x198 c:/freescale/kds_3.0.0/toolchain/bin/../lib/gcc/arm-none-eabi/4.8.4/../../../../arm-none-eabi/lib/armv7e-m/fpu\libm.a(lib_a-e_sqrt.o)
                0x000045a8                __ieee754_sqrt
 .text.__fpclassifyd
                0x00004740       0x54 c:/freescale/kds_3.0.0/toolchain/bin/../lib/gcc/arm-none-eabi/4.8.4/../../../../arm-none-eabi/lib/armv7e-m/fpu\libm.a(lib_a-s_fpclassify.o)
                0x00004740                __fpclassifyd
 .text.matherr  0x00004794        0x4 c:/freescale/kds_3.0.0/toolchain/bin/../lib/gcc/arm-none-eabi/4.8.4/../../../../arm-none-eabi/lib/armv7e-m/fpu\libm.a(lib_a-s_matherr.o)
                0x00004794                matherr
 .text.__errno  0x00004798        0xc c:/freescale/kds_3.0.0/toolchain/bin/../lib/gcc/arm-none-eabi/4.8.4/../../../../arm-none-eabi/lib/armv7e-m/fpu\libg_s.a(lib_a-errno.o)
                0x00004798                __errno
 .text.exit     0x000047a4       0x28 c:/freescale/kds_3.0.0/toolchain/bin/../lib/gcc/arm-none-eabi/4.8.4/../../../../arm-none-eabi/lib/armv7e-m/fpu\libg_s.a(lib_a-exit.o)
                0x000047a4                exit
 .text.__libc_init_array
                0x000047cc       0x4c c:/freescale/kds_3.0.0/toolchain/bin/../lib/gcc/arm-none-eabi/4.8.4/../../../../arm-none-eabi/lib/armv7e-m/fpu\libg_s.a(lib_a-init.o)
                0x000047cc                __libc_init_array
 .text.memset   0x00004818       0x10 c:/freescale/kds_3.0.0/toolchain/bin/../lib/gcc/arm-none-eabi/4.8.4/../../../../arm-none-eabi/lib/armv7e-m/fpu\libg_s.a(lib_a-memset.o)
                0x00004818                memset
 .text._exit    0x00004828        0x4 c:/freescale/kds_3.0.0/toolchain/bin/../lib/gcc/arm-none-eabi/4.8.4/../../../../arm-none-eabi/lib/armv7e-m/fpu\libnosys.a(_exit.o)
                0x00004828                _exit
 *(.rodata)
 .rodata        0x0000482c        0x4 C:\Users\13113117\Desktop\FinalProject\UTS_EmbeddedSoftware\Library\libAnalog.a(analog.o)
 .rodata        0x00004830       0xa0 C:\Users\13113117\Desktop\FinalProject\UTS_EmbeddedSoftware\Library\libAnalog.a(SPI.o)
 *(.rodata*)
 .rodata.ANALOG_THREAD_PRIORITIES
                0x000048d0        0x4 ./Sources/main.o
                0x000048d0                ANALOG_THREAD_PRIORITIES
 .rodata.PACKET_ACK_MASK
                0x000048d4        0x1 ./Sources/packet.o
                0x000048d4                PACKET_ACK_MASK
 *fill*         0x000048d5        0x3 
 .rodata.SPI_SETUP
                0x000048d8       0x1c C:\Users\13113117\Desktop\FinalProject\UTS_EmbeddedSoftware\Library\libAnalog.a(analog.o)
 .rodata.str1.4
                0x000048f4        0x8 c:/freescale/kds_3.0.0/toolchain/bin/../lib/gcc/arm-none-eabi/4.8.4/../../../../arm-none-eabi/lib/armv7e-m/fpu\libm.a(lib_a-w_sqrt.o)
 .rodata.str1.1
                0x000048fc        0x2 c:/freescale/kds_3.0.0/toolchain/bin/../lib/gcc/arm-none-eabi/4.8.4/../../../../arm-none-eabi/lib/armv7e-m/fpu\libg_s.a(lib_a-impure.o)
 *fill*         0x000048fe        0x2 
 .rodata._global_impure_ptr
                0x00004900        0x4 c:/freescale/kds_3.0.0/toolchain/bin/../lib/gcc/arm-none-eabi/4.8.4/../../../../arm-none-eabi/lib/armv7e-m/fpu\libg_s.a(lib_a-impure.o)
                0x00004900                _global_impure_ptr
 *(.glue_7)
 .glue_7        0x00000000        0x0 linker stubs
 *(.glue_7t)
 .glue_7t       0x00000000        0x0 linker stubs
 *(.eh_frame)
 .eh_frame      0x00004904        0x0 c:/freescale/kds_3.0.0/toolchain/bin/../lib/gcc/arm-none-eabi/4.8.4/armv7e-m/fpu/crtbegin.o
 *(.init)
 .init          0x00004904        0x4 c:/freescale/kds_3.0.0/toolchain/bin/../lib/gcc/arm-none-eabi/4.8.4/armv7e-m/fpu/crti.o
                0x00004904                _init
 .init          0x00004908        0x8 c:/freescale/kds_3.0.0/toolchain/bin/../lib/gcc/arm-none-eabi/4.8.4/armv7e-m/fpu/crtn.o
 *(.fini)
 .fini          0x00004910        0x4 c:/freescale/kds_3.0.0/toolchain/bin/../lib/gcc/arm-none-eabi/4.8.4/armv7e-m/fpu/crti.o
                0x00004910                _fini
 .fini          0x00004914        0x8 c:/freescale/kds_3.0.0/toolchain/bin/../lib/gcc/arm-none-eabi/4.8.4/armv7e-m/fpu/crtn.o
                0x0000491c                . = ALIGN (0x4)
                0x0000491c                _etext = .

.vfp11_veneer   0x0000491c        0x0
 .vfp11_veneer  0x00000000        0x0 linker stubs

.v4_bx          0x0000491c        0x0
 .v4_bx         0x00000000        0x0 linker stubs

.iplt           0x0000491c        0x0
 .iplt          0x00000000        0x0 c:/freescale/kds_3.0.0/toolchain/bin/../lib/gcc/arm-none-eabi/4.8.4/armv7e-m/fpu/crtbegin.o

.ARM.extab
 *(.ARM.extab* .gnu.linkonce.armextab.*)

.ARM            0x0000491c        0x8
                0x0000491c                __exidx_start = .
 *(.ARM.exidx*)
 .ARM.exidx     0x0000491c        0x8 c:/freescale/kds_3.0.0/toolchain/bin/../lib/gcc/arm-none-eabi/4.8.4/../../../../arm-none-eabi/lib/armv7e-m/fpu/crt0.o
 .ARM.exidx     0x00004924        0x0 c:/freescale/kds_3.0.0/toolchain/bin/../lib/gcc/arm-none-eabi/4.8.4/armv7e-m/fpu\libgcc.a(_divdi3.o)
                                  0x8 (size before relaxing)
 .ARM.exidx     0x00004924        0x0 c:/freescale/kds_3.0.0/toolchain/bin/../lib/gcc/arm-none-eabi/4.8.4/armv7e-m/fpu\libgcc.a(_udivdi3.o)
                                  0x8 (size before relaxing)
                0x00004924                __exidx_end = .

.rel.dyn        0x00004924        0x0
 .rel.iplt      0x00000000        0x0 c:/freescale/kds_3.0.0/toolchain/bin/../lib/gcc/arm-none-eabi/4.8.4/armv7e-m/fpu/crtbegin.o

.ctors          0x00004924        0x0
                0x00004924                __CTOR_LIST__ = .
 *crtbegin.o(.ctors)
 *(EXCLUDE_FILE(*crtend.o) .ctors)
 *(SORT(.ctors.*))
 *(.ctors)
                0x00004924                __CTOR_END__ = .

.dtors          0x00004924        0x0
                0x00004924                __DTOR_LIST__ = .
 *crtbegin.o(.dtors)
 *(EXCLUDE_FILE(*crtend.o) .dtors)
 *(SORT(.dtors.*))
 *(.dtors)
                0x00004924                __DTOR_END__ = .

.preinit_array  0x00004924        0x0
                0x00004924                PROVIDE (__preinit_array_start, .)
 *(.preinit_array*)
                0x00004924                PROVIDE (__preinit_array_end, .)

.init_array     0x00004924        0x4
                0x00004924                PROVIDE (__init_array_start, .)
 *(SORT(.init_array.*))
 *(.init_array*)
 .init_array    0x00004924        0x4 c:/freescale/kds_3.0.0/toolchain/bin/../lib/gcc/arm-none-eabi/4.8.4/armv7e-m/fpu/crtbegin.o
                0x00004928                PROVIDE (__init_array_end, .)

.fini_array     0x00004928        0x4
                0x00004928                PROVIDE (__fini_array_start, .)
 *(SORT(.fini_array.*))
 *(.fini_array*)
 .fini_array    0x00004928        0x4 c:/freescale/kds_3.0.0/toolchain/bin/../lib/gcc/arm-none-eabi/4.8.4/armv7e-m/fpu/crtbegin.o
                0x0000492c                PROVIDE (__fini_array_end, .)
                0x0000492c                ___ROM_AT = .

.data           0x1fff0000      0x140 load address 0x0000492c
                0x1fff0000                . = ALIGN (0x4)
                0x1fff0000                _sdata = .
 *(.data)
 *(.data*)
 .data.ChannelData
                0x1fff0000       0xd8 ./Sources/main.o
 .data.__fdlib_version
                0x1fff00d8        0x1 c:/freescale/kds_3.0.0/toolchain/bin/../lib/gcc/arm-none-eabi/4.8.4/../../../../arm-none-eabi/lib/armv7e-m/fpu\libm.a(lib_a-s_lib_ver.o)
                0x1fff00d8                __fdlib_version
 *fill*         0x1fff00d9        0x3 
 .data.impure_data
                0x1fff00dc       0x60 c:/freescale/kds_3.0.0/toolchain/bin/../lib/gcc/arm-none-eabi/4.8.4/../../../../arm-none-eabi/lib/armv7e-m/fpu\libg_s.a(lib_a-impure.o)
 .data._impure_ptr
                0x1fff013c        0x4 c:/freescale/kds_3.0.0/toolchain/bin/../lib/gcc/arm-none-eabi/4.8.4/../../../../arm-none-eabi/lib/armv7e-m/fpu\libg_s.a(lib_a-impure.o)
                0x1fff013c                _impure_ptr
                0x1fff0140                . = ALIGN (0x4)
                0x1fff0140                _edata = .
                0x00000140                ___data_size = (_edata - _sdata)
                0x00004a6c                ___m_data_20000000_ROMStart = (___ROM_AT + SIZEOF (.data))

.jcr            0x1fff0140        0x0 load address 0x00004a6c
 .jcr           0x1fff0140        0x0 c:/freescale/kds_3.0.0/toolchain/bin/../lib/gcc/arm-none-eabi/4.8.4/armv7e-m/fpu/crtbegin.o

.igot.plt       0x1fff0140        0x0 load address 0x00004a6c
 .igot.plt      0x00000000        0x0 c:/freescale/kds_3.0.0/toolchain/bin/../lib/gcc/arm-none-eabi/4.8.4/armv7e-m/fpu/crtbegin.o

.m_data_20000000
                0x20000000        0x0 load address 0x00004a6c
                0x20000000                . = ALIGN (0x4)
                0x20000000                ___m_data_20000000_RAMStart = .
 *(.m_data_20000000)
                0x20000000                ___m_data_20000000_RAMEnd = .
                0x20000000                . = ALIGN (0x4)
                0x00000000                ___m_data_20000000_ROMSize = (___m_data_20000000_RAMEnd - ___m_data_20000000_RAMStart)
                0x20000000                . = ALIGN (0x4)

.bss            0x1fff0140     0x198c load address 0x00004a70
                0x1fff0140                __START_BSS = .
                0x1fff0140                PROVIDE (__bss_start__, __START_BSS)
 *(.bss)
 .bss           0x1fff0140       0x1c c:/freescale/kds_3.0.0/toolchain/bin/../lib/gcc/arm-none-eabi/4.8.4/armv7e-m/fpu/crtbegin.o
 *(.bss*)
 .bss.ModulePeriodNanoSec
                0x1fff015c        0x4 ./Sources/PIT.o
 .bss.RxFIFO    0x1fff0160      0x114 ./Sources/UART.o
 .bss.TxFIFO    0x1fff0274      0x114 ./Sources/UART.o
 .bss.Raise     0x1fff0388        0x1 ./Sources/main.o
 .bss.Lower     0x1fff0389        0x1 ./Sources/main.o
 .bss.RaiseTimer
                0x1fff038a        0x1 ./Sources/main.o
 .bss.LowerTimer
                0x1fff038b        0x1 ./Sources/main.o
 *fill*         0x1fff038c        0x4 
 .bss.InitModulesThreadStack
                0x1fff0390      0x190 ./Sources/main.o
 .bss.AnalogThreadStacks
                0x1fff0520      0x4b0 ./Sources/main.o
 .bss.PacketThreadStack
                0x1fff09d0      0x190 ./Sources/main.o
 .bss.PIT0ThreadStack
                0x1fff0b60      0x190 ./Sources/main.o
 .bss.PIT1ThreadStack
                0x1fff0cf0      0x190 ./Sources/main.o
 .bss.RxThreadStack
                0x1fff0e80      0x190 ./Sources/main.o
 .bss.TxThreadStack
                0x1fff1010      0x190 ./Sources/main.o
 .bss.Frequency
                0x1fff11a0        0x4 ./Sources/main.o
 .bss.PeriodNs  0x1fff11a4        0x4 ./Sources/main.o
 .bss.SamplingRate
                0x1fff11a8        0x4 ./Sources/main.o
 .bss.PacketCommand
                0x1fff11ac        0x1 ./Sources/main.o
 .bss.PacketParameter1
                0x1fff11ad        0x1 ./Sources/main.o
 .bss.PacketParameter2
                0x1fff11ae        0x1 ./Sources/main.o
 .bss.PacketParameter3
                0x1fff11af        0x1 ./Sources/main.o
 .bss.offset1.7441
                0x1fff11b0        0x4 ./Sources/main.o
 .bss.spaceBetweenOffsets.7443
                0x1fff11b4        0x4 ./Sources/main.o
 .bss.offset2.7442
                0x1fff11b8        0x4 ./Sources/main.o
 .bss.Position.7247
                0x1fff11bc        0x1 ./Sources/packet.o
 .bss.SR_lock   0x1fff11bd        0x1 ./Generated_Code/Cpu.o
                0x1fff11bd                SR_lock
 *fill*         0x1fff11be        0x2 
 .bss.TCBUnusedMain
                0x1fff11c0       0x18 C:\Users\13113117\Desktop\FinalProject\UTS_EmbeddedSoftware\Library\libOS.a(OS.o)
 .bss.TCBTable  0x1fff11d8      0x300 C:\Users\13113117\Desktop\FinalProject\UTS_EmbeddedSoftware\Library\libOS.a(OS.o)
 .bss.pTCBFreeList
                0x1fff14d8        0x4 C:\Users\13113117\Desktop\FinalProject\UTS_EmbeddedSoftware\Library\libOS.a(OS.o)
 .bss.pTCBAllocatedList
                0x1fff14dc        0x4 C:\Users\13113117\Desktop\FinalProject\UTS_EmbeddedSoftware\Library\libOS.a(OS.o)
 .bss.pTCBPriorityTable
                0x1fff14e0       0x80 C:\Users\13113117\Desktop\FinalProject\UTS_EmbeddedSoftware\Library\libOS.a(OS.o)
 .bss.pTCBRunning
                0x1fff1560        0x4 C:\Users\13113117\Desktop\FinalProject\UTS_EmbeddedSoftware\Library\libOS.a(OS.o)
 .bss.pTCBHighestReady
                0x1fff1564        0x4 C:\Users\13113117\Desktop\FinalProject\UTS_EmbeddedSoftware\Library\libOS.a(OS.o)
 .bss.ReadyList
                0x1fff1568        0x4 C:\Users\13113117\Desktop\FinalProject\UTS_EmbeddedSoftware\Library\libOS.a(OS.o)
 .bss.ECBTable  0x1fff156c      0x100 C:\Users\13113117\Desktop\FinalProject\UTS_EmbeddedSoftware\Library\libOS.a(OS.o)
 .bss.NextECBFree
                0x1fff166c        0x1 C:\Users\13113117\Desktop\FinalProject\UTS_EmbeddedSoftware\Library\libOS.a(OS.o)
 *fill*         0x1fff166d        0x3 
 .bss.IdleCounter
                0x1fff1670        0x4 C:\Users\13113117\Desktop\FinalProject\UTS_EmbeddedSoftware\Library\libOS.a(OS.o)
 *fill*         0x1fff1674        0x4 
 .bss.IdleStack
                0x1fff1678      0x400 C:\Users\13113117\Desktop\FinalProject\UTS_EmbeddedSoftware\Library\libOS.a(OS.o)
 .bss.Ticks     0x1fff1a78        0x4 C:\Users\13113117\Desktop\FinalProject\UTS_EmbeddedSoftware\Library\libOS.a(OS.o)
 .bss.ToggleCntr
                0x1fff1a7c        0x4 C:\Users\13113117\Desktop\FinalProject\UTS_EmbeddedSoftware\Library\libOS.a(OS.o)
 .bss.ToggleLED
                0x1fff1a80        0x1 C:\Users\13113117\Desktop\FinalProject\UTS_EmbeddedSoftware\Library\libOS.a(OS.o)
 .bss.ISRNestLevel
                0x1fff1a81        0x1 C:\Users\13113117\Desktop\FinalProject\UTS_EmbeddedSoftware\Library\libOS.a(OS.o)
 *fill*         0x1fff1a82        0x2 
 .bss.ADCCommandUnion
                0x1fff1a84        0x4 C:\Users\13113117\Desktop\FinalProject\UTS_EmbeddedSoftware\Library\libAnalog.a(analog.o)
 *(COMMON)
 COMMON         0x1fff1a88        0x8 ./Sources/PIT.o
                0x1fff1a88                PIT0_Semaphore
                0x1fff1a8c                PIT1_Semaphore
 COMMON         0x1fff1a90        0x8 ./Sources/UART.o
                0x1fff1a90                RxSemaphore
                0x1fff1a94                TxSemaphore
 COMMON         0x1fff1a98       0x26 ./Sources/main.o
                0x1fff1a98                NbRaises
                0x1fff1a9c                NvTowerNb
                0x1fff1aa0                Packet
                0x1fff1aa8                AlarmEventSem
                0x1fff1aac                SamplesReadySem
                0x1fff1ab0                NvTowerMode
                0x1fff1ab4                NbLowers
                0x1fff1ab8                Timing_Mode
                0x1fff1abc                FrequencyInt
 *fill*         0x1fff1abe        0x2 
 COMMON         0x1fff1ac0        0x4 ./Sources/packet.o
                0x1fff1ac0                PacketPutAccessSemaphore
 COMMON         0x1fff1ac4        0x1 ./Generated_Code/Cpu.o
                0x1fff1ac4                SR_reg
 *fill*         0x1fff1ac5        0x3 
 COMMON         0x1fff1ac8        0x4 C:\Users\13113117\Desktop\FinalProject\UTS_EmbeddedSoftware\Library\libAnalog.a(analog.o)
                0x1fff1ac8                DACInput
                0x1fff1acc                . = ALIGN (0x4)
                0x1fff1acc                __END_BSS = .
                0x1fff1acc                PROVIDE (__bss_end__, __END_BSS)
                0x00004a6c                _romp_at = ((___ROM_AT + SIZEOF (.data)) + SIZEOF (.m_data_20000000))

.romp           0x1fff1acc       0x24 load address 0x00004a6c
                0x00004a6c                __S_romp = _romp_at
                0x1fff1acc        0x4 LONG 0x492c ___ROM_AT
                0x1fff1ad0        0x4 LONG 0x1fff0000 _sdata
                0x1fff1ad4        0x4 LONG 0x140 ___data_size
                0x1fff1ad8        0x4 LONG 0x4a6c ___m_data_20000000_ROMStart
                0x1fff1adc        0x4 LONG 0x20000000 ___m_data_20000000_RAMStart
                0x1fff1ae0        0x4 LONG 0x0 ___m_data_20000000_ROMSize
                0x1fff1ae4        0x4 LONG 0x0
                0x1fff1ae8        0x4 LONG 0x0
                0x1fff1aec        0x4 LONG 0x0

._user_heap_stack
                0x1fff1af0      0x400 load address 0x00004a90
                0x1fff1af0                . = ALIGN (0x4)
                0x1fff1af0                PROVIDE (end, .)
                0x1fff1af0                PROVIDE (_end, .)
                0x1fff1af0                __heap_addr = .
                0x1fff1af0                __HeapBase = .
                0x1fff1af0                . = (. + __heap_size)
                0x1fff1af0                __HeapLimit = .
                0x1fff1ef0                . = (. + __stack_size)
 *fill*         0x1fff1af0      0x400 
                0x1fff1ef0                . = ALIGN (0x4)

.ARM.attributes
                0x00000000       0x30
 *(.ARM.attributes)
 .ARM.attributes
                0x00000000       0x22 c:/freescale/kds_3.0.0/toolchain/bin/../lib/gcc/arm-none-eabi/4.8.4/armv7e-m/fpu/crti.o
 .ARM.attributes
                0x00000022       0x34 c:/freescale/kds_3.0.0/toolchain/bin/../lib/gcc/arm-none-eabi/4.8.4/armv7e-m/fpu/crtbegin.o
 .ARM.attributes
                0x00000056       0x20 c:/freescale/kds_3.0.0/toolchain/bin/../lib/gcc/arm-none-eabi/4.8.4/../../../../arm-none-eabi/lib/armv7e-m/fpu/crt0.o
 .ARM.attributes
                0x00000076       0x39 ./Sources/FIFO.o
 .ARM.attributes
                0x000000af       0x39 ./Sources/Flash.o
 .ARM.attributes
                0x000000e8       0x39 ./Sources/LEDs.o
 .ARM.attributes
                0x00000121       0x39 ./Sources/PIT.o
 .ARM.attributes
                0x0000015a       0x39 ./Sources/UART.o
 .ARM.attributes
                0x00000193       0x39 ./Sources/main.o
 .ARM.attributes
                0x000001cc       0x39 ./Sources/packet.o
 .ARM.attributes
                0x00000205       0x39 ./Project_Settings/Startup_Code/startup.o
 .ARM.attributes
                0x0000023e       0x39 ./Generated_Code/Cpu.o
 .ARM.attributes
                0x00000277       0x39 ./Generated_Code/Vectors.o
 .ARM.attributes
                0x000002b0       0x39 C:\Users\13113117\Desktop\FinalProject\UTS_EmbeddedSoftware\Library\libOS.a(OS.o)
 .ARM.attributes
                0x000002e9       0x39 C:\Users\13113117\Desktop\FinalProject\UTS_EmbeddedSoftware\Library\libAnalog.a(analog.o)
 .ARM.attributes
                0x00000322       0x39 C:\Users\13113117\Desktop\FinalProject\UTS_EmbeddedSoftware\Library\libAnalog.a(SPI.o)
 .ARM.attributes
                0x0000035b       0x34 c:/freescale/kds_3.0.0/toolchain/bin/../lib/gcc/arm-none-eabi/4.8.4/../../../../arm-none-eabi/lib/armv7e-m/fpu\libm.a(lib_a-w_sqrt.o)
 .ARM.attributes
                0x0000038f       0x34 c:/freescale/kds_3.0.0/toolchain/bin/../lib/gcc/arm-none-eabi/4.8.4/../../../../arm-none-eabi/lib/armv7e-m/fpu\libm.a(lib_a-e_sqrt.o)
 .ARM.attributes
                0x000003c3       0x34 c:/freescale/kds_3.0.0/toolchain/bin/../lib/gcc/arm-none-eabi/4.8.4/../../../../arm-none-eabi/lib/armv7e-m/fpu\libm.a(lib_a-s_fpclassify.o)
 .ARM.attributes
                0x000003f7       0x34 c:/freescale/kds_3.0.0/toolchain/bin/../lib/gcc/arm-none-eabi/4.8.4/../../../../arm-none-eabi/lib/armv7e-m/fpu\libm.a(lib_a-s_lib_ver.o)
 .ARM.attributes
                0x0000042b       0x34 c:/freescale/kds_3.0.0/toolchain/bin/../lib/gcc/arm-none-eabi/4.8.4/../../../../arm-none-eabi/lib/armv7e-m/fpu\libm.a(lib_a-s_matherr.o)
 .ARM.attributes
                0x0000045f       0x22 c:/freescale/kds_3.0.0/toolchain/bin/../lib/gcc/arm-none-eabi/4.8.4/armv7e-m/fpu\libgcc.a(_arm_addsubdf3.o)
 .ARM.attributes
                0x00000481       0x22 c:/freescale/kds_3.0.0/toolchain/bin/../lib/gcc/arm-none-eabi/4.8.4/armv7e-m/fpu\libgcc.a(_arm_muldivdf3.o)
 .ARM.attributes
                0x000004a3       0x22 c:/freescale/kds_3.0.0/toolchain/bin/../lib/gcc/arm-none-eabi/4.8.4/armv7e-m/fpu\libgcc.a(_arm_cmpdf2.o)
 .ARM.attributes
                0x000004c5       0x22 c:/freescale/kds_3.0.0/toolchain/bin/../lib/gcc/arm-none-eabi/4.8.4/armv7e-m/fpu\libgcc.a(_arm_fixunsdfsi.o)
 .ARM.attributes
                0x000004e7       0x22 c:/freescale/kds_3.0.0/toolchain/bin/../lib/gcc/arm-none-eabi/4.8.4/armv7e-m/fpu\libgcc.a(_arm_truncdfsf2.o)
 .ARM.attributes
                0x00000509       0x22 c:/freescale/kds_3.0.0/toolchain/bin/../lib/gcc/arm-none-eabi/4.8.4/armv7e-m/fpu\libgcc.a(_aeabi_uldivmod.o)
 .ARM.attributes
                0x0000052b       0x34 c:/freescale/kds_3.0.0/toolchain/bin/../lib/gcc/arm-none-eabi/4.8.4/armv7e-m/fpu\libgcc.a(_fixunssfdi.o)
 .ARM.attributes
                0x0000055f       0x34 c:/freescale/kds_3.0.0/toolchain/bin/../lib/gcc/arm-none-eabi/4.8.4/armv7e-m/fpu\libgcc.a(bpabi.o)
 .ARM.attributes
                0x00000593       0x22 c:/freescale/kds_3.0.0/toolchain/bin/../lib/gcc/arm-none-eabi/4.8.4/armv7e-m/fpu\libgcc.a(_dvmd_tls.o)
 .ARM.attributes
                0x000005b5       0x34 c:/freescale/kds_3.0.0/toolchain/bin/../lib/gcc/arm-none-eabi/4.8.4/armv7e-m/fpu\libgcc.a(_divdi3.o)
 .ARM.attributes
                0x000005e9       0x34 c:/freescale/kds_3.0.0/toolchain/bin/../lib/gcc/arm-none-eabi/4.8.4/armv7e-m/fpu\libgcc.a(_udivdi3.o)
 .ARM.attributes
                0x0000061d       0x34 c:/freescale/kds_3.0.0/toolchain/bin/../lib/gcc/arm-none-eabi/4.8.4/../../../../arm-none-eabi/lib/armv7e-m/fpu\libg_s.a(lib_a-errno.o)
 .ARM.attributes
                0x00000651       0x34 c:/freescale/kds_3.0.0/toolchain/bin/../lib/gcc/arm-none-eabi/4.8.4/../../../../arm-none-eabi/lib/armv7e-m/fpu\libg_s.a(lib_a-exit.o)
 .ARM.attributes
                0x00000685       0x34 c:/freescale/kds_3.0.0/toolchain/bin/../lib/gcc/arm-none-eabi/4.8.4/../../../../arm-none-eabi/lib/armv7e-m/fpu\libg_s.a(lib_a-impure.o)
 .ARM.attributes
                0x000006b9       0x34 c:/freescale/kds_3.0.0/toolchain/bin/../lib/gcc/arm-none-eabi/4.8.4/../../../../arm-none-eabi/lib/armv7e-m/fpu\libg_s.a(lib_a-init.o)
 .ARM.attributes
                0x000006ed       0x34 c:/freescale/kds_3.0.0/toolchain/bin/../lib/gcc/arm-none-eabi/4.8.4/../../../../arm-none-eabi/lib/armv7e-m/fpu\libg_s.a(lib_a-memset.o)
 .ARM.attributes
                0x00000721       0x34 c:/freescale/kds_3.0.0/toolchain/bin/../lib/gcc/arm-none-eabi/4.8.4/../../../../arm-none-eabi/lib/armv7e-m/fpu\libnosys.a(_exit.o)
 .ARM.attributes
                0x00000755       0x22 c:/freescale/kds_3.0.0/toolchain/bin/../lib/gcc/arm-none-eabi/4.8.4/armv7e-m/fpu/crtn.o
OUTPUT(Project.elf elf32-littlearm)

.debug_info     0x00000000     0x5b48
 .debug_info    0x00000000      0x23e ./Sources/FIFO.o
 .debug_info    0x0000023e      0x7cc ./Sources/Flash.o
 .debug_info    0x00000a0a      0x4a5 ./Sources/LEDs.o
 .debug_info    0x00000eaf      0x674 ./Sources/PIT.o
 .debug_info    0x00001523      0xa01 ./Sources/UART.o
 .debug_info    0x00001f24      0xb38 ./Sources/main.o
 .debug_info    0x00002a5c      0x379 ./Sources/packet.o
 .debug_info    0x00002dd5      0x3b0 ./Project_Settings/Startup_Code/startup.o
 .debug_info    0x00003185      0xc82 ./Generated_Code/Cpu.o
 .debug_info    0x00003e07      0x175 ./Generated_Code/Vectors.o
 .debug_info    0x00003f7c      0xd02 C:\Users\13113117\Desktop\FinalProject\UTS_EmbeddedSoftware\Library\libOS.a(OS.o)
 .debug_info    0x00004c7e      0x46a C:\Users\13113117\Desktop\FinalProject\UTS_EmbeddedSoftware\Library\libAnalog.a(analog.o)
 .debug_info    0x000050e8      0xa60 C:\Users\13113117\Desktop\FinalProject\UTS_EmbeddedSoftware\Library\libAnalog.a(SPI.o)

.debug_abbrev   0x00000000     0x153a
 .debug_abbrev  0x00000000       0xf1 ./Sources/FIFO.o
 .debug_abbrev  0x000000f1      0x1c9 ./Sources/Flash.o
 .debug_abbrev  0x000002ba      0x144 ./Sources/LEDs.o
 .debug_abbrev  0x000003fe      0x19d ./Sources/PIT.o
 .debug_abbrev  0x0000059b      0x211 ./Sources/UART.o
 .debug_abbrev  0x000007ac      0x286 ./Sources/main.o
 .debug_abbrev  0x00000a32      0x129 ./Sources/packet.o
 .debug_abbrev  0x00000b5b      0x189 ./Project_Settings/Startup_Code/startup.o
 .debug_abbrev  0x00000ce4      0x185 ./Generated_Code/Cpu.o
 .debug_abbrev  0x00000e69       0xb3 ./Generated_Code/Vectors.o
 .debug_abbrev  0x00000f1c      0x2f8 C:\Users\13113117\Desktop\FinalProject\UTS_EmbeddedSoftware\Library\libOS.a(OS.o)
 .debug_abbrev  0x00001214      0x151 C:\Users\13113117\Desktop\FinalProject\UTS_EmbeddedSoftware\Library\libAnalog.a(analog.o)
 .debug_abbrev  0x00001365      0x1d5 C:\Users\13113117\Desktop\FinalProject\UTS_EmbeddedSoftware\Library\libAnalog.a(SPI.o)

.debug_aranges  0x00000000      0x458
 .debug_aranges
                0x00000000       0x30 ./Sources/FIFO.o
 .debug_aranges
                0x00000030       0x70 ./Sources/Flash.o
 .debug_aranges
                0x000000a0       0x38 ./Sources/LEDs.o
 .debug_aranges
                0x000000d8       0x40 ./Sources/PIT.o
 .debug_aranges
                0x00000118       0x50 ./Sources/UART.o
 .debug_aranges
                0x00000168       0xc0 ./Sources/main.o
 .debug_aranges
                0x00000228       0x38 ./Sources/packet.o
 .debug_aranges
                0x00000260       0x50 ./Project_Settings/Startup_Code/startup.o
 .debug_aranges
                0x000002b0       0x38 ./Generated_Code/Cpu.o
 .debug_aranges
                0x000002e8       0x18 ./Generated_Code/Vectors.o
 .debug_aranges
                0x00000300       0xc8 C:\Users\13113117\Desktop\FinalProject\UTS_EmbeddedSoftware\Library\libOS.a(OS.o)
 .debug_aranges
                0x000003c8       0x38 C:\Users\13113117\Desktop\FinalProject\UTS_EmbeddedSoftware\Library\libAnalog.a(analog.o)
 .debug_aranges
                0x00000400       0x58 C:\Users\13113117\Desktop\FinalProject\UTS_EmbeddedSoftware\Library\libAnalog.a(SPI.o)

.debug_ranges   0x00000000      0x380
 .debug_ranges  0x00000000       0x20 ./Sources/FIFO.o
 .debug_ranges  0x00000020       0x60 ./Sources/Flash.o
 .debug_ranges  0x00000080       0x28 ./Sources/LEDs.o
 .debug_ranges  0x000000a8       0x30 ./Sources/PIT.o
 .debug_ranges  0x000000d8       0x40 ./Sources/UART.o
 .debug_ranges  0x00000118       0xb0 ./Sources/main.o
 .debug_ranges  0x000001c8       0x28 ./Sources/packet.o
 .debug_ranges  0x000001f0       0x40 ./Project_Settings/Startup_Code/startup.o
 .debug_ranges  0x00000230       0x28 ./Generated_Code/Cpu.o
 .debug_ranges  0x00000258       0xb8 C:\Users\13113117\Desktop\FinalProject\UTS_EmbeddedSoftware\Library\libOS.a(OS.o)
 .debug_ranges  0x00000310       0x28 C:\Users\13113117\Desktop\FinalProject\UTS_EmbeddedSoftware\Library\libAnalog.a(analog.o)
 .debug_ranges  0x00000338       0x48 C:\Users\13113117\Desktop\FinalProject\UTS_EmbeddedSoftware\Library\libAnalog.a(SPI.o)

.debug_macro    0x00000000    0x3445c
 .debug_macro   0x00000000      0x13f ./Sources/FIFO.o
 .debug_macro   0x0000013f      0x850 ./Sources/FIFO.o
 .debug_macro   0x0000098f       0x16 ./Sources/FIFO.o
 .debug_macro   0x000009a5       0x44 ./Sources/FIFO.o
 .debug_macro   0x000009e9      0x209 ./Sources/FIFO.o
 .debug_macro   0x00000bf2       0x22 ./Sources/FIFO.o
 .debug_macro   0x00000c14       0x58 ./Sources/FIFO.o
 .debug_macro   0x00000c6c       0x35 ./Sources/FIFO.o
 .debug_macro   0x00000ca1       0xa3 ./Sources/FIFO.o
 .debug_macro   0x00000d44      0x166 ./Sources/FIFO.o
 .debug_macro   0x00000eaa       0x52 ./Sources/FIFO.o
 .debug_macro   0x00000efc       0x16 ./Sources/FIFO.o
 .debug_macro   0x00000f12       0x43 ./Sources/FIFO.o
 .debug_macro   0x00000f55      0x180 ./Sources/FIFO.o
 .debug_macro   0x000010d5       0xde ./Sources/FIFO.o
 .debug_macro   0x000011b3      0x183 ./Sources/FIFO.o
 .debug_macro   0x00001336     0x17fa ./Sources/FIFO.o
 .debug_macro   0x00002b30      0x14e ./Sources/FIFO.o
 .debug_macro   0x00002c7e       0x64 ./Sources/FIFO.o
 .debug_macro   0x00002ce2    0x174c1 ./Sources/FIFO.o
 .debug_macro   0x0001a1a3       0x9a ./Sources/FIFO.o
 .debug_macro   0x0001a23d       0x36 ./Sources/FIFO.o
 .debug_macro   0x0001a273      0x10d ./Sources/Flash.o
 .debug_macro   0x0001a380       0x2e ./Sources/Flash.o
 .debug_macro   0x0001a3ae      0x101 ./Sources/LEDs.o
 .debug_macro   0x0001a4af       0x1c ./Sources/LEDs.o
 .debug_macro   0x0001a4cb      0x105 ./Sources/PIT.o
 .debug_macro   0x0001a5d0      0x14d ./Sources/UART.o
 .debug_macro   0x0001a71d      0x218 ./Sources/main.o
 .debug_macro   0x0001a935     0x17fa ./Sources/main.o
 .debug_macro   0x0001c12f       0x9a ./Sources/main.o
 .debug_macro   0x0001c1c9       0x30 ./Sources/main.o
 .debug_macro   0x0001c1f9       0x10 ./Sources/main.o
 .debug_macro   0x0001c209       0x3a ./Sources/main.o
 .debug_macro   0x0001c243      0x158 ./Sources/packet.o
 .debug_macro   0x0001c39b       0x34 ./Sources/packet.o
 .debug_macro   0x0001c3cf      0x121 ./Project_Settings/Startup_Code/startup.o
 .debug_macro   0x0001c4f0       0x4a ./Project_Settings/Startup_Code/startup.o
 .debug_macro   0x0001c53a      0x2a6 ./Project_Settings/Startup_Code/startup.o
 .debug_macro   0x0001c7e0       0x10 ./Project_Settings/Startup_Code/startup.o
 .debug_macro   0x0001c7f0       0x35 ./Project_Settings/Startup_Code/startup.o
 .debug_macro   0x0001c825       0x16 ./Project_Settings/Startup_Code/startup.o
 .debug_macro   0x0001c83b       0x22 ./Project_Settings/Startup_Code/startup.o
 .debug_macro   0x0001c85d       0x16 ./Project_Settings/Startup_Code/startup.o
 .debug_macro   0x0001c873      0x20f ./Project_Settings/Startup_Code/startup.o
 .debug_macro   0x0001ca82    0x174af ./Project_Settings/Startup_Code/startup.o
 .debug_macro   0x00033f31       0x84 ./Generated_Code/Cpu.o
 .debug_macro   0x00033fb5       0xa0 ./Generated_Code/Cpu.o
 .debug_macro   0x00034055      0x163 ./Generated_Code/Vectors.o
 .debug_macro   0x000341b8       0xa3 C:\Users\13113117\Desktop\FinalProject\UTS_EmbeddedSoftware\Library\libOS.a(OS.o)
 .debug_macro   0x0003425b       0x94 C:\Users\13113117\Desktop\FinalProject\UTS_EmbeddedSoftware\Library\libOS.a(OS.o)
 .debug_macro   0x000342ef       0xf5 C:\Users\13113117\Desktop\FinalProject\UTS_EmbeddedSoftware\Library\libAnalog.a(analog.o)
 .debug_macro   0x000343e4       0x10 C:\Users\13113117\Desktop\FinalProject\UTS_EmbeddedSoftware\Library\libAnalog.a(analog.o)
 .debug_macro   0x000343f4       0x68 C:\Users\13113117\Desktop\FinalProject\UTS_EmbeddedSoftware\Library\libAnalog.a(SPI.o)

.debug_line     0x00000000     0x2f1a
 .debug_line    0x00000000      0x379 ./Sources/FIFO.o
 .debug_line    0x00000379      0x391 ./Sources/Flash.o
 .debug_line    0x0000070a      0x2ae ./Sources/LEDs.o
 .debug_line    0x000009b8      0x32e ./Sources/PIT.o
 .debug_line    0x00000ce6      0x404 ./Sources/UART.o
 .debug_line    0x000010ea      0x6a0 ./Sources/main.o
 .debug_line    0x0000178a      0x405 ./Sources/packet.o
 .debug_line    0x00001b8f      0x3f8 ./Project_Settings/Startup_Code/startup.o
 .debug_line    0x00001f87      0x28d ./Generated_Code/Cpu.o
 .debug_line    0x00002214      0x39d ./Generated_Code/Vectors.o
 .debug_line    0x000025b1      0x496 C:\Users\13113117\Desktop\FinalProject\UTS_EmbeddedSoftware\Library\libOS.a(OS.o)
 .debug_line    0x00002a47      0x200 C:\Users\13113117\Desktop\FinalProject\UTS_EmbeddedSoftware\Library\libAnalog.a(analog.o)
 .debug_line    0x00002c47      0x2d3 C:\Users\13113117\Desktop\FinalProject\UTS_EmbeddedSoftware\Library\libAnalog.a(SPI.o)

.debug_str      0x00000000    0x8f859
 .debug_str     0x00000000    0x8c634 ./Sources/FIFO.o
                              0x8c8b2 (size before relaxing)
 .debug_str     0x0008c634      0x468 ./Sources/Flash.o
                              0x8526b (size before relaxing)
 .debug_str     0x0008ca9c      0x148 ./Sources/LEDs.o
                              0x85001 (size before relaxing)
 .debug_str     0x0008cbe4      0x18e ./Sources/PIT.o
                              0x8516c (size before relaxing)
 .debug_str     0x0008cd72      0x170 ./Sources/UART.o
                              0x8cb71 (size before relaxing)
 .debug_str     0x0008cee2      0x8bc ./Sources/main.o
                              0x8d3c8 (size before relaxing)
 .debug_str     0x0008d79e       0x8d ./Sources/packet.o
                              0x8cb63 (size before relaxing)
 .debug_str     0x0008d82b     0x1141 ./Project_Settings/Startup_Code/startup.o
                              0x85402 (size before relaxing)
 .debug_str     0x0008e96c      0x20b ./Generated_Code/Cpu.o
                              0x8aa33 (size before relaxing)
 .debug_str     0x0008eb77       0x1c ./Generated_Code/Vectors.o
                              0x8c88d (size before relaxing)
 .debug_str     0x0008eb93      0x3ab C:\Users\13113117\Desktop\FinalProject\UTS_EmbeddedSoftware\Library\libOS.a(OS.o)
                              0x8ad2a (size before relaxing)
 .debug_str     0x0008ef3e      0x571 C:\Users\13113117\Desktop\FinalProject\UTS_EmbeddedSoftware\Library\libAnalog.a(analog.o)
                               0x3866 (size before relaxing)
 .debug_str     0x0008f4af      0x3aa C:\Users\13113117\Desktop\FinalProject\UTS_EmbeddedSoftware\Library\libAnalog.a(SPI.o)
                              0x83389 (size before relaxing)

.comment        0x00000000       0x70
 .comment       0x00000000       0x70 ./Sources/FIFO.o
                                 0x71 (size before relaxing)
 .comment       0x00000000       0x71 ./Sources/Flash.o
 .comment       0x00000000       0x71 ./Sources/LEDs.o
 .comment       0x00000000       0x71 ./Sources/PIT.o
 .comment       0x00000000       0x71 ./Sources/UART.o
 .comment       0x00000000       0x71 ./Sources/main.o
 .comment       0x00000000       0x71 ./Sources/packet.o
 .comment       0x00000000       0x71 ./Project_Settings/Startup_Code/startup.o
 .comment       0x00000000       0x71 ./Generated_Code/Cpu.o
 .comment       0x00000000       0x71 ./Generated_Code/Vectors.o
 .comment       0x00000000       0x71 C:\Users\13113117\Desktop\FinalProject\UTS_EmbeddedSoftware\Library\libOS.a(OS.o)
 .comment       0x00000000       0x71 C:\Users\13113117\Desktop\FinalProject\UTS_EmbeddedSoftware\Library\libAnalog.a(analog.o)
 .comment       0x00000000       0x71 C:\Users\13113117\Desktop\FinalProject\UTS_EmbeddedSoftware\Library\libAnalog.a(SPI.o)

.debug_frame    0x00000000      0xed0
 .debug_frame   0x00000000       0x70 ./Sources/FIFO.o
 .debug_frame   0x00000070      0x15c ./Sources/Flash.o
 .debug_frame   0x000001cc       0x7c ./Sources/LEDs.o
 .debug_frame   0x00000248       0xb4 ./Sources/PIT.o
 .debug_frame   0x000002fc       0xec ./Sources/UART.o
 .debug_frame   0x000003e8      0x298 ./Sources/main.o
 .debug_frame   0x00000680       0x8c ./Sources/packet.o
 .debug_frame   0x0000070c       0xc0 ./Project_Settings/Startup_Code/startup.o
 .debug_frame   0x000007cc       0x80 ./Generated_Code/Cpu.o
 .debug_frame   0x0000084c      0x2a0 C:\Users\13113117\Desktop\FinalProject\UTS_EmbeddedSoftware\Library\libOS.a(OS.o)
 .debug_frame   0x00000aec       0x90 C:\Users\13113117\Desktop\FinalProject\UTS_EmbeddedSoftware\Library\libAnalog.a(analog.o)
 .debug_frame   0x00000b7c      0x100 C:\Users\13113117\Desktop\FinalProject\UTS_EmbeddedSoftware\Library\libAnalog.a(SPI.o)
 .debug_frame   0x00000c7c       0x38 c:/freescale/kds_3.0.0/toolchain/bin/../lib/gcc/arm-none-eabi/4.8.4/../../../../arm-none-eabi/lib/armv7e-m/fpu\libm.a(lib_a-w_sqrt.o)
 .debug_frame   0x00000cb4       0x3c c:/freescale/kds_3.0.0/toolchain/bin/../lib/gcc/arm-none-eabi/4.8.4/../../../../arm-none-eabi/lib/armv7e-m/fpu\libm.a(lib_a-e_sqrt.o)
 .debug_frame   0x00000cf0       0x28 c:/freescale/kds_3.0.0/toolchain/bin/../lib/gcc/arm-none-eabi/4.8.4/../../../../arm-none-eabi/lib/armv7e-m/fpu\libm.a(lib_a-s_fpclassify.o)
 .debug_frame   0x00000d18       0x20 c:/freescale/kds_3.0.0/toolchain/bin/../lib/gcc/arm-none-eabi/4.8.4/../../../../arm-none-eabi/lib/armv7e-m/fpu\libm.a(lib_a-s_matherr.o)
 .debug_frame   0x00000d38       0x2c c:/freescale/kds_3.0.0/toolchain/bin/../lib/gcc/arm-none-eabi/4.8.4/armv7e-m/fpu\libgcc.a(_fixunssfdi.o)
 .debug_frame   0x00000d64       0x50 c:/freescale/kds_3.0.0/toolchain/bin/../lib/gcc/arm-none-eabi/4.8.4/armv7e-m/fpu\libgcc.a(bpabi.o)
 .debug_frame   0x00000db4       0x34 c:/freescale/kds_3.0.0/toolchain/bin/../lib/gcc/arm-none-eabi/4.8.4/armv7e-m/fpu\libgcc.a(_divdi3.o)
 .debug_frame   0x00000de8       0x34 c:/freescale/kds_3.0.0/toolchain/bin/../lib/gcc/arm-none-eabi/4.8.4/armv7e-m/fpu\libgcc.a(_udivdi3.o)
 .debug_frame   0x00000e1c       0x20 c:/freescale/kds_3.0.0/toolchain/bin/../lib/gcc/arm-none-eabi/4.8.4/../../../../arm-none-eabi/lib/armv7e-m/fpu\libg_s.a(lib_a-errno.o)
 .debug_frame   0x00000e3c       0x28 c:/freescale/kds_3.0.0/toolchain/bin/../lib/gcc/arm-none-eabi/4.8.4/../../../../arm-none-eabi/lib/armv7e-m/fpu\libg_s.a(lib_a-exit.o)
 .debug_frame   0x00000e64       0x2c c:/freescale/kds_3.0.0/toolchain/bin/../lib/gcc/arm-none-eabi/4.8.4/../../../../arm-none-eabi/lib/armv7e-m/fpu\libg_s.a(lib_a-init.o)
 .debug_frame   0x00000e90       0x20 c:/freescale/kds_3.0.0/toolchain/bin/../lib/gcc/arm-none-eabi/4.8.4/../../../../arm-none-eabi/lib/armv7e-m/fpu\libg_s.a(lib_a-memset.o)
 .debug_frame   0x00000eb0       0x20 c:/freescale/kds_3.0.0/toolchain/bin/../lib/gcc/arm-none-eabi/4.8.4/../../../../arm-none-eabi/lib/armv7e-m/fpu\libnosys.a(_exit.o)
