Archive member included because of file (symbol)

C:\Users\13113117\Desktop\UTS_EmbeddedSoftware\Library\libOS.a(OS.o)
                              ./Sources/main.o (OS_Init)
C:\Users\13113117\Desktop\UTS_EmbeddedSoftware\Library\libAnalog.a(analog.o)
                              ./Sources/main.o (Analog_Init)
C:\Users\13113117\Desktop\UTS_EmbeddedSoftware\Library\libAnalog.a(SPI.o)
                              C:\Users\13113117\Desktop\UTS_EmbeddedSoftware\Library\libAnalog.a(analog.o) (SPI_Init)
c:/freescale/kds_3.0.0/toolchain/bin/../lib/gcc/arm-none-eabi/4.8.4/armv7e-m/fpu\libgcc.a(_aeabi_uldivmod.o)
                              ./Sources/PIT.o (__aeabi_uldivmod)
c:/freescale/kds_3.0.0/toolchain/bin/../lib/gcc/arm-none-eabi/4.8.4/armv7e-m/fpu\libgcc.a(bpabi.o)
                              c:/freescale/kds_3.0.0/toolchain/bin/../lib/gcc/arm-none-eabi/4.8.4/armv7e-m/fpu\libgcc.a(_aeabi_uldivmod.o) (__gnu_uldivmod_helper)
c:/freescale/kds_3.0.0/toolchain/bin/../lib/gcc/arm-none-eabi/4.8.4/armv7e-m/fpu\libgcc.a(_dvmd_tls.o)
                              c:/freescale/kds_3.0.0/toolchain/bin/../lib/gcc/arm-none-eabi/4.8.4/armv7e-m/fpu\libgcc.a(_aeabi_uldivmod.o) (__aeabi_ldiv0)
c:/freescale/kds_3.0.0/toolchain/bin/../lib/gcc/arm-none-eabi/4.8.4/armv7e-m/fpu\libgcc.a(_divdi3.o)
                              c:/freescale/kds_3.0.0/toolchain/bin/../lib/gcc/arm-none-eabi/4.8.4/armv7e-m/fpu\libgcc.a(bpabi.o) (__divdi3)
c:/freescale/kds_3.0.0/toolchain/bin/../lib/gcc/arm-none-eabi/4.8.4/armv7e-m/fpu\libgcc.a(_udivdi3.o)
                              c:/freescale/kds_3.0.0/toolchain/bin/../lib/gcc/arm-none-eabi/4.8.4/armv7e-m/fpu\libgcc.a(bpabi.o) (__udivdi3)
c:/freescale/kds_3.0.0/toolchain/bin/../lib/gcc/arm-none-eabi/4.8.4/../../../../arm-none-eabi/lib/armv7e-m/fpu\libg_s.a(lib_a-exit.o)
                              c:/freescale/kds_3.0.0/toolchain/bin/../lib/gcc/arm-none-eabi/4.8.4/../../../../arm-none-eabi/lib/armv7e-m/fpu/crt0.o (exit)
c:/freescale/kds_3.0.0/toolchain/bin/../lib/gcc/arm-none-eabi/4.8.4/../../../../arm-none-eabi/lib/armv7e-m/fpu\libg_s.a(lib_a-impure.o)
                              c:/freescale/kds_3.0.0/toolchain/bin/../lib/gcc/arm-none-eabi/4.8.4/../../../../arm-none-eabi/lib/armv7e-m/fpu\libg_s.a(lib_a-exit.o) (_global_impure_ptr)
c:/freescale/kds_3.0.0/toolchain/bin/../lib/gcc/arm-none-eabi/4.8.4/../../../../arm-none-eabi/lib/armv7e-m/fpu\libg_s.a(lib_a-init.o)
                              c:/freescale/kds_3.0.0/toolchain/bin/../lib/gcc/arm-none-eabi/4.8.4/../../../../arm-none-eabi/lib/armv7e-m/fpu/crt0.o (__libc_init_array)
c:/freescale/kds_3.0.0/toolchain/bin/../lib/gcc/arm-none-eabi/4.8.4/../../../../arm-none-eabi/lib/armv7e-m/fpu\libg_s.a(lib_a-memset.o)
                              c:/freescale/kds_3.0.0/toolchain/bin/../lib/gcc/arm-none-eabi/4.8.4/../../../../arm-none-eabi/lib/armv7e-m/fpu/crt0.o (memset)
c:/freescale/kds_3.0.0/toolchain/bin/../lib/gcc/arm-none-eabi/4.8.4/../../../../arm-none-eabi/lib/armv7e-m/fpu\libnosys.a(_exit.o)
                              c:/freescale/kds_3.0.0/toolchain/bin/../lib/gcc/arm-none-eabi/4.8.4/../../../../arm-none-eabi/lib/armv7e-m/fpu\libg_s.a(lib_a-exit.o) (_exit)

Allocating common symbols
Common symbol       size              file

NbRaises            0x4               ./Sources/main.o
RxSemaphore         0x4               ./Sources/UART.o
SamplesChA          0x20              ./Sources/PIT.o
NvTowerNb           0x4               ./Sources/main.o
TxSemaphore         0x4               ./Sources/UART.o
PacketPutAccessSemaphore
                    0x4               ./Sources/packet.o
SemSamplesReady     0x4               ./Sources/main.o
Packet              0x5               ./Sources/main.o
SamplesChC          0x20              ./Sources/PIT.o
PITSemaphore        0x4               ./Sources/PIT.o
NbSamplesChA        0x1               ./Sources/PIT.o
NvTowerMode         0x4               ./Sources/main.o
NbLowers            0x4               ./Sources/main.o
Timing_Mode         0x4               ./Sources/main.o
SR_reg              0x1               ./Generated_Code/Cpu.o
Frequency           0x2               ./Sources/main.o
DACInput            0x4               C:\Users\13113117\Desktop\UTS_EmbeddedSoftware\Library\libAnalog.a(analog.o)
SamplesChB          0x20              ./Sources/PIT.o
NbSamplesChB        0x1               ./Sources/PIT.o

Discarded input sections

 .text          0x00000000        0x0 c:/freescale/kds_3.0.0/toolchain/bin/../lib/gcc/arm-none-eabi/4.8.4/armv7e-m/fpu/crti.o
 .data          0x00000000        0x0 c:/freescale/kds_3.0.0/toolchain/bin/../lib/gcc/arm-none-eabi/4.8.4/armv7e-m/fpu/crti.o
 .bss           0x00000000        0x0 c:/freescale/kds_3.0.0/toolchain/bin/../lib/gcc/arm-none-eabi/4.8.4/armv7e-m/fpu/crti.o
 .data          0x00000000        0x4 c:/freescale/kds_3.0.0/toolchain/bin/../lib/gcc/arm-none-eabi/4.8.4/armv7e-m/fpu/crtbegin.o
 .data          0x00000000        0x0 c:/freescale/kds_3.0.0/toolchain/bin/../lib/gcc/arm-none-eabi/4.8.4/../../../../arm-none-eabi/lib/armv7e-m/fpu/crt0.o
 .bss           0x00000000        0x0 c:/freescale/kds_3.0.0/toolchain/bin/../lib/gcc/arm-none-eabi/4.8.4/../../../../arm-none-eabi/lib/armv7e-m/fpu/crt0.o
 .ARM.extab     0x00000000        0x0 c:/freescale/kds_3.0.0/toolchain/bin/../lib/gcc/arm-none-eabi/4.8.4/../../../../arm-none-eabi/lib/armv7e-m/fpu/crt0.o
 .group         0x00000000        0x8 ./Sources/FIFO.o
 .group         0x00000000        0x8 ./Sources/FIFO.o
 .group         0x00000000        0x8 ./Sources/FIFO.o
 .group         0x00000000        0x8 ./Sources/FIFO.o
 .group         0x00000000        0x8 ./Sources/FIFO.o
 .group         0x00000000        0x8 ./Sources/FIFO.o
 .group         0x00000000        0x8 ./Sources/FIFO.o
 .group         0x00000000        0x8 ./Sources/FIFO.o
 .group         0x00000000        0x8 ./Sources/FIFO.o
 .group         0x00000000        0x8 ./Sources/FIFO.o
 .group         0x00000000        0x8 ./Sources/FIFO.o
 .group         0x00000000        0x8 ./Sources/FIFO.o
 .group         0x00000000        0x8 ./Sources/FIFO.o
 .group         0x00000000        0x8 ./Sources/FIFO.o
 .group         0x00000000        0x8 ./Sources/FIFO.o
 .group         0x00000000        0x8 ./Sources/FIFO.o
 .group         0x00000000        0x8 ./Sources/FIFO.o
 .group         0x00000000        0x8 ./Sources/FIFO.o
 .group         0x00000000        0x8 ./Sources/FIFO.o
 .group         0x00000000        0x8 ./Sources/FIFO.o
 .group         0x00000000        0x8 ./Sources/FIFO.o
 .text          0x00000000        0x0 ./Sources/FIFO.o
 .data          0x00000000        0x0 ./Sources/FIFO.o
 .bss           0x00000000        0x0 ./Sources/FIFO.o
 .text.FIFO_Init
                0x00000000       0x4c ./Sources/FIFO.o
 .text.FIFO_Put
                0x00000000       0x84 ./Sources/FIFO.o
 .text.FIFO_Get
                0x00000000       0x84 ./Sources/FIFO.o
 .debug_info    0x00000000      0x23e ./Sources/FIFO.o
 .debug_abbrev  0x00000000       0xf1 ./Sources/FIFO.o
 .debug_aranges
                0x00000000       0x30 ./Sources/FIFO.o
 .debug_ranges  0x00000000       0x20 ./Sources/FIFO.o
 .debug_macro   0x00000000      0x13f ./Sources/FIFO.o
 .debug_macro   0x00000000      0x850 ./Sources/FIFO.o
 .debug_macro   0x00000000       0x16 ./Sources/FIFO.o
 .debug_macro   0x00000000       0x44 ./Sources/FIFO.o
 .debug_macro   0x00000000      0x209 ./Sources/FIFO.o
 .debug_macro   0x00000000       0x22 ./Sources/FIFO.o
 .debug_macro   0x00000000       0x58 ./Sources/FIFO.o
 .debug_macro   0x00000000       0x35 ./Sources/FIFO.o
 .debug_macro   0x00000000       0xa3 ./Sources/FIFO.o
 .debug_macro   0x00000000      0x166 ./Sources/FIFO.o
 .debug_macro   0x00000000       0x52 ./Sources/FIFO.o
 .debug_macro   0x00000000       0x16 ./Sources/FIFO.o
 .debug_macro   0x00000000       0x43 ./Sources/FIFO.o
 .debug_macro   0x00000000      0x180 ./Sources/FIFO.o
 .debug_macro   0x00000000       0xde ./Sources/FIFO.o
 .debug_macro   0x00000000      0x183 ./Sources/FIFO.o
 .debug_macro   0x00000000     0x17fa ./Sources/FIFO.o
 .debug_macro   0x00000000      0x14e ./Sources/FIFO.o
 .debug_macro   0x00000000       0x64 ./Sources/FIFO.o
 .debug_macro   0x00000000    0x174c1 ./Sources/FIFO.o
 .debug_macro   0x00000000       0x9a ./Sources/FIFO.o
 .debug_macro   0x00000000       0x36 ./Sources/FIFO.o
 .debug_line    0x00000000      0x352 ./Sources/FIFO.o
 .debug_str     0x00000000    0x8c8a5 ./Sources/FIFO.o
 .comment       0x00000000       0x71 ./Sources/FIFO.o
 .ARM.attributes
                0x00000000       0x39 ./Sources/FIFO.o
 .debug_frame   0x00000000       0x70 ./Sources/FIFO.o
 .group         0x00000000        0x8 ./Sources/Flash.o
 .group         0x00000000        0x8 ./Sources/Flash.o
 .group         0x00000000        0x8 ./Sources/Flash.o
 .group         0x00000000        0x8 ./Sources/Flash.o
 .group         0x00000000        0x8 ./Sources/Flash.o
 .group         0x00000000        0x8 ./Sources/Flash.o
 .group         0x00000000        0x8 ./Sources/Flash.o
 .group         0x00000000        0x8 ./Sources/Flash.o
 .group         0x00000000        0x8 ./Sources/Flash.o
 .group         0x00000000        0x8 ./Sources/Flash.o
 .group         0x00000000        0x8 ./Sources/Flash.o
 .group         0x00000000        0x8 ./Sources/Flash.o
 .group         0x00000000        0x8 ./Sources/Flash.o
 .group         0x00000000        0x8 ./Sources/Flash.o
 .group         0x00000000        0x8 ./Sources/Flash.o
 .group         0x00000000        0x8 ./Sources/Flash.o
 .group         0x00000000        0x8 ./Sources/Flash.o
 .text          0x00000000        0x0 ./Sources/Flash.o
 .data          0x00000000        0x0 ./Sources/Flash.o
 .bss           0x00000000        0x0 ./Sources/Flash.o
 .bss.AllocationMap
                0x00000000        0x8 ./Sources/Flash.o
 .text.WaitCCIF
                0x00000000       0x20 ./Sources/Flash.o
 .text.SetCCIF  0x00000000       0x14 ./Sources/Flash.o
 .text.ReadPhrase
                0x00000000       0x24 ./Sources/Flash.o
 .text.WritePhrase
                0x00000000       0x9c ./Sources/Flash.o
 .text.Flash_ReadByte
                0x00000000       0x38 ./Sources/Flash.o
 .text.Flash_Init
                0x00000000       0x2c ./Sources/Flash.o
 .text.Flash_AllocateVar
                0x00000000       0xb0 ./Sources/Flash.o
 .text.Flash_Write32
                0x00000000       0x64 ./Sources/Flash.o
 .text.Flash_Write16
                0x00000000       0x68 ./Sources/Flash.o
 .text.Flash_Write8
                0x00000000       0x50 ./Sources/Flash.o
 .text.Flash_Erase
                0x00000000       0x40 ./Sources/Flash.o
 .debug_info    0x00000000      0x7cc ./Sources/Flash.o
 .debug_abbrev  0x00000000      0x1c9 ./Sources/Flash.o
 .debug_aranges
                0x00000000       0x70 ./Sources/Flash.o
 .debug_ranges  0x00000000       0x60 ./Sources/Flash.o
 .debug_macro   0x00000000      0x10d ./Sources/Flash.o
 .debug_macro   0x00000000      0x850 ./Sources/Flash.o
 .debug_macro   0x00000000       0x16 ./Sources/Flash.o
 .debug_macro   0x00000000       0x44 ./Sources/Flash.o
 .debug_macro   0x00000000      0x209 ./Sources/Flash.o
 .debug_macro   0x00000000       0x22 ./Sources/Flash.o
 .debug_macro   0x00000000       0x58 ./Sources/Flash.o
 .debug_macro   0x00000000       0x35 ./Sources/Flash.o
 .debug_macro   0x00000000       0xa3 ./Sources/Flash.o
 .debug_macro   0x00000000      0x166 ./Sources/Flash.o
 .debug_macro   0x00000000       0x52 ./Sources/Flash.o
 .debug_macro   0x00000000       0x16 ./Sources/Flash.o
 .debug_macro   0x00000000       0x43 ./Sources/Flash.o
 .debug_macro   0x00000000      0x180 ./Sources/Flash.o
 .debug_macro   0x00000000       0xde ./Sources/Flash.o
 .debug_macro   0x00000000      0x183 ./Sources/Flash.o
 .debug_macro   0x00000000    0x174c1 ./Sources/Flash.o
 .debug_macro   0x00000000       0x2e ./Sources/Flash.o
 .debug_line    0x00000000      0x384 ./Sources/Flash.o
 .debug_str     0x00000000    0x8525e ./Sources/Flash.o
 .comment       0x00000000       0x71 ./Sources/Flash.o
 .ARM.attributes
                0x00000000       0x39 ./Sources/Flash.o
 .debug_frame   0x00000000      0x15c ./Sources/Flash.o
 .group         0x00000000        0x8 ./Sources/LEDs.o
 .group         0x00000000        0x8 ./Sources/LEDs.o
 .group         0x00000000        0x8 ./Sources/LEDs.o
 .group         0x00000000        0x8 ./Sources/LEDs.o
 .group         0x00000000        0x8 ./Sources/LEDs.o
 .group         0x00000000        0x8 ./Sources/LEDs.o
 .group         0x00000000        0x8 ./Sources/LEDs.o
 .group         0x00000000        0x8 ./Sources/LEDs.o
 .group         0x00000000        0x8 ./Sources/LEDs.o
 .group         0x00000000        0x8 ./Sources/LEDs.o
 .group         0x00000000        0x8 ./Sources/LEDs.o
 .group         0x00000000        0x8 ./Sources/LEDs.o
 .group         0x00000000        0x8 ./Sources/LEDs.o
 .group         0x00000000        0x8 ./Sources/LEDs.o
 .group         0x00000000        0x8 ./Sources/LEDs.o
 .group         0x00000000        0x8 ./Sources/LEDs.o
 .group         0x00000000        0x8 ./Sources/LEDs.o
 .text          0x00000000        0x0 ./Sources/LEDs.o
 .data          0x00000000        0x0 ./Sources/LEDs.o
 .bss           0x00000000        0x0 ./Sources/LEDs.o
 .text.LEDs_Init
                0x00000000       0xc4 ./Sources/LEDs.o
 .text.LEDs_On  0x00000000       0x24 ./Sources/LEDs.o
 .text.LEDs_Off
                0x00000000       0x24 ./Sources/LEDs.o
 .text.LEDs_Toggle
                0x00000000       0x24 ./Sources/LEDs.o
 .debug_info    0x00000000      0x4a5 ./Sources/LEDs.o
 .debug_abbrev  0x00000000      0x144 ./Sources/LEDs.o
 .debug_aranges
                0x00000000       0x38 ./Sources/LEDs.o
 .debug_ranges  0x00000000       0x28 ./Sources/LEDs.o
 .debug_macro   0x00000000      0x101 ./Sources/LEDs.o
 .debug_macro   0x00000000      0x850 ./Sources/LEDs.o
 .debug_macro   0x00000000       0x16 ./Sources/LEDs.o
 .debug_macro   0x00000000       0x44 ./Sources/LEDs.o
 .debug_macro   0x00000000      0x209 ./Sources/LEDs.o
 .debug_macro   0x00000000       0x22 ./Sources/LEDs.o
 .debug_macro   0x00000000       0x58 ./Sources/LEDs.o
 .debug_macro   0x00000000       0x35 ./Sources/LEDs.o
 .debug_macro   0x00000000       0xa3 ./Sources/LEDs.o
 .debug_macro   0x00000000      0x166 ./Sources/LEDs.o
 .debug_macro   0x00000000       0x52 ./Sources/LEDs.o
 .debug_macro   0x00000000       0x16 ./Sources/LEDs.o
 .debug_macro   0x00000000       0x43 ./Sources/LEDs.o
 .debug_macro   0x00000000      0x180 ./Sources/LEDs.o
 .debug_macro   0x00000000       0xde ./Sources/LEDs.o
 .debug_macro   0x00000000      0x183 ./Sources/LEDs.o
 .debug_macro   0x00000000    0x174c1 ./Sources/LEDs.o
 .debug_macro   0x00000000       0x1c ./Sources/LEDs.o
 .debug_line    0x00000000      0x2a1 ./Sources/LEDs.o
 .debug_str     0x00000000    0x84ff4 ./Sources/LEDs.o
 .comment       0x00000000       0x71 ./Sources/LEDs.o
 .ARM.attributes
                0x00000000       0x39 ./Sources/LEDs.o
 .debug_frame   0x00000000       0x7c ./Sources/LEDs.o
 .group         0x00000000        0x8 ./Sources/PIT.o
 .group         0x00000000        0x8 ./Sources/PIT.o
 .group         0x00000000        0x8 ./Sources/PIT.o
 .group         0x00000000        0x8 ./Sources/PIT.o
 .group         0x00000000        0x8 ./Sources/PIT.o
 .group         0x00000000        0x8 ./Sources/PIT.o
 .group         0x00000000        0x8 ./Sources/PIT.o
 .group         0x00000000        0x8 ./Sources/PIT.o
 .group         0x00000000        0x8 ./Sources/PIT.o
 .group         0x00000000        0x8 ./Sources/PIT.o
 .group         0x00000000        0x8 ./Sources/PIT.o
 .group         0x00000000        0x8 ./Sources/PIT.o
 .group         0x00000000        0x8 ./Sources/PIT.o
 .group         0x00000000        0x8 ./Sources/PIT.o
 .group         0x00000000        0x8 ./Sources/PIT.o
 .group         0x00000000        0x8 ./Sources/PIT.o
 .group         0x00000000        0x8 ./Sources/PIT.o
 .text          0x00000000        0x0 ./Sources/PIT.o
 .data          0x00000000        0x0 ./Sources/PIT.o
 .bss           0x00000000        0x0 ./Sources/PIT.o
 .bss.ModulePeriodNanoSec
                0x00000000        0x4 ./Sources/PIT.o
 .bss.PITUserArguments
                0x00000000        0x4 ./Sources/PIT.o
 .bss.PITCallbackFunction
                0x00000000        0x4 ./Sources/PIT.o
 .bss.NbSamplesChC
                0x00000000        0x1 ./Sources/PIT.o
 .text.PIT_Init
                0x00000000       0x94 ./Sources/PIT.o
 .text.PIT_Set  0x00000000       0xa0 ./Sources/PIT.o
 .text.PIT_Enable
                0x00000000       0x40 ./Sources/PIT.o
 .text.PIT_ISR  0x00000000       0x5c ./Sources/PIT.o
 .debug_info    0x00000000      0x6bd ./Sources/PIT.o
 .debug_abbrev  0x00000000      0x19d ./Sources/PIT.o
 .debug_aranges
                0x00000000       0x38 ./Sources/PIT.o
 .debug_ranges  0x00000000       0x28 ./Sources/PIT.o
 .debug_macro   0x00000000      0x105 ./Sources/PIT.o
 .debug_macro   0x00000000      0x850 ./Sources/PIT.o
 .debug_macro   0x00000000       0x16 ./Sources/PIT.o
 .debug_macro   0x00000000       0x44 ./Sources/PIT.o
 .debug_macro   0x00000000      0x209 ./Sources/PIT.o
 .debug_macro   0x00000000       0x22 ./Sources/PIT.o
 .debug_macro   0x00000000       0x58 ./Sources/PIT.o
 .debug_macro   0x00000000       0x35 ./Sources/PIT.o
 .debug_macro   0x00000000       0xa3 ./Sources/PIT.o
 .debug_macro   0x00000000      0x166 ./Sources/PIT.o
 .debug_macro   0x00000000       0x52 ./Sources/PIT.o
 .debug_macro   0x00000000       0x16 ./Sources/PIT.o
 .debug_macro   0x00000000       0x43 ./Sources/PIT.o
 .debug_macro   0x00000000      0x180 ./Sources/PIT.o
 .debug_macro   0x00000000       0xde ./Sources/PIT.o
 .debug_macro   0x00000000      0x183 ./Sources/PIT.o
 .debug_macro   0x00000000       0x36 ./Sources/PIT.o
 .debug_macro   0x00000000    0x174c1 ./Sources/PIT.o
 .debug_line    0x00000000      0x2ea ./Sources/PIT.o
 .debug_str     0x00000000    0x85196 ./Sources/PIT.o
 .comment       0x00000000       0x71 ./Sources/PIT.o
 .ARM.attributes
                0x00000000       0x39 ./Sources/PIT.o
 .debug_frame   0x00000000       0x90 ./Sources/PIT.o
 COMMON         0x00000000       0x69 ./Sources/PIT.o
 .group         0x00000000        0x8 ./Sources/UART.o
 .group         0x00000000        0x8 ./Sources/UART.o
 .group         0x00000000        0x8 ./Sources/UART.o
 .group         0x00000000        0x8 ./Sources/UART.o
 .group         0x00000000        0x8 ./Sources/UART.o
 .group         0x00000000        0x8 ./Sources/UART.o
 .group         0x00000000        0x8 ./Sources/UART.o
 .group         0x00000000        0x8 ./Sources/UART.o
 .group         0x00000000        0x8 ./Sources/UART.o
 .group         0x00000000        0x8 ./Sources/UART.o
 .group         0x00000000        0x8 ./Sources/UART.o
 .group         0x00000000        0x8 ./Sources/UART.o
 .group         0x00000000        0x8 ./Sources/UART.o
 .group         0x00000000        0x8 ./Sources/UART.o
 .group         0x00000000        0x8 ./Sources/UART.o
 .group         0x00000000        0x8 ./Sources/UART.o
 .group         0x00000000        0x8 ./Sources/UART.o
 .group         0x00000000        0x8 ./Sources/UART.o
 .group         0x00000000        0x8 ./Sources/UART.o
 .group         0x00000000        0x8 ./Sources/UART.o
 .group         0x00000000        0x8 ./Sources/UART.o
 .text          0x00000000        0x0 ./Sources/UART.o
 .data          0x00000000        0x0 ./Sources/UART.o
 .bss           0x00000000        0x0 ./Sources/UART.o
 .bss.RxFIFO    0x00000000      0x114 ./Sources/UART.o
 .bss.TxFIFO    0x00000000      0x114 ./Sources/UART.o
 .text.UART_Init
                0x00000000      0x158 ./Sources/UART.o
 .text.UART_InChar
                0x00000000       0x20 ./Sources/UART.o
 .text.UART_OutChar
                0x00000000       0x4c ./Sources/UART.o
 .text.UART_Poll
                0x00000000       0x48 ./Sources/UART.o
 .text.TxThread
                0x00000000       0x40 ./Sources/UART.o
 .text.RxThread
                0x00000000       0x3c ./Sources/UART.o
 .text.UART_ISR
                0x00000000       0x98 ./Sources/UART.o
 .debug_info    0x00000000      0x9ee ./Sources/UART.o
 .debug_abbrev  0x00000000      0x1f7 ./Sources/UART.o
 .debug_aranges
                0x00000000       0x50 ./Sources/UART.o
 .debug_ranges  0x00000000       0x40 ./Sources/UART.o
 .debug_macro   0x00000000      0x14d ./Sources/UART.o
 .debug_macro   0x00000000      0x850 ./Sources/UART.o
 .debug_macro   0x00000000       0x16 ./Sources/UART.o
 .debug_macro   0x00000000       0x44 ./Sources/UART.o
 .debug_macro   0x00000000      0x209 ./Sources/UART.o
 .debug_macro   0x00000000       0x22 ./Sources/UART.o
 .debug_macro   0x00000000       0x58 ./Sources/UART.o
 .debug_macro   0x00000000       0x35 ./Sources/UART.o
 .debug_macro   0x00000000       0xa3 ./Sources/UART.o
 .debug_macro   0x00000000      0x166 ./Sources/UART.o
 .debug_macro   0x00000000       0x52 ./Sources/UART.o
 .debug_macro   0x00000000       0x16 ./Sources/UART.o
 .debug_macro   0x00000000       0x43 ./Sources/UART.o
 .debug_macro   0x00000000      0x180 ./Sources/UART.o
 .debug_macro   0x00000000       0xde ./Sources/UART.o
 .debug_macro   0x00000000      0x183 ./Sources/UART.o
 .debug_macro   0x00000000     0x17fa ./Sources/UART.o
 .debug_macro   0x00000000      0x14e ./Sources/UART.o
 .debug_macro   0x00000000       0x64 ./Sources/UART.o
 .debug_macro   0x00000000    0x174c1 ./Sources/UART.o
 .debug_macro   0x00000000       0x9a ./Sources/UART.o
 .debug_macro   0x00000000       0x36 ./Sources/UART.o
 .debug_line    0x00000000      0x3dd ./Sources/UART.o
 .debug_str     0x00000000    0x8cb5f ./Sources/UART.o
 .comment       0x00000000       0x71 ./Sources/UART.o
 .ARM.attributes
                0x00000000       0x39 ./Sources/UART.o
 .debug_frame   0x00000000       0xec ./Sources/UART.o
 COMMON         0x00000000        0x8 ./Sources/UART.o
 .group         0x00000000        0x8 ./Sources/main.o
 .group         0x00000000        0x8 ./Sources/main.o
 .group         0x00000000        0x8 ./Sources/main.o
 .group         0x00000000        0x8 ./Sources/main.o
 .group         0x00000000        0x8 ./Sources/main.o
 .group         0x00000000        0x8 ./Sources/main.o
 .group         0x00000000        0x8 ./Sources/main.o
 .group         0x00000000        0x8 ./Sources/main.o
 .group         0x00000000        0x8 ./Sources/main.o
 .group         0x00000000        0x8 ./Sources/main.o
 .group         0x00000000        0x8 ./Sources/main.o
 .group         0x00000000        0x8 ./Sources/main.o
 .group         0x00000000        0x8 ./Sources/main.o
 .group         0x00000000        0x8 ./Sources/main.o
 .group         0x00000000        0x8 ./Sources/main.o
 .group         0x00000000        0x8 ./Sources/main.o
 .group         0x00000000        0x8 ./Sources/main.o
 .group         0x00000000        0x8 ./Sources/main.o
 .group         0x00000000        0x8 ./Sources/main.o
 .group         0x00000000        0x8 ./Sources/main.o
 .group         0x00000000        0x8 ./Sources/main.o
 .group         0x00000000        0x8 ./Sources/main.o
 .group         0x00000000        0x8 ./Sources/main.o
 .group         0x00000000        0x8 ./Sources/main.o
 .group         0x00000000        0x8 ./Sources/main.o
 .text          0x00000000        0x0 ./Sources/main.o
 .data          0x00000000        0x0 ./Sources/main.o
 .bss           0x00000000        0x0 ./Sources/main.o
 .bss.PacketCheckerThreadStack
                0x00000000      0x190 ./Sources/main.o
 .bss.SamplesChA
                0x00000000       0x20 ./Sources/main.o
 .bss.SamplesChB
                0x00000000       0x20 ./Sources/main.o
 .bss.SamplesChC
                0x00000000       0x20 ./Sources/main.o
 .bss.NbSamples
                0x00000000        0x1 ./Sources/main.o
 .bss.RMSChA    0x00000000        0x2 ./Sources/main.o
 .bss.RMSChB    0x00000000        0x2 ./Sources/main.o
 .bss.RMSChC    0x00000000        0x2 ./Sources/main.o
 .rodata.towerNumberHi
                0x00000000        0x1 ./Sources/main.o
 .rodata.towerNumberLo
                0x00000000        0x1 ./Sources/main.o
 .rodata.towerModeHi
                0x00000000        0x1 ./Sources/main.o
 .rodata.towerModeLo
                0x00000000        0x1 ./Sources/main.o
 .rodata.TOWER_VERSION_HI
                0x00000000        0x1 ./Sources/main.o
 .rodata.TOWER_VERSION_LO
                0x00000000        0x1 ./Sources/main.o
 .bss.PacketCommand
                0x00000000        0x1 ./Sources/main.o
 .bss.PacketParameter1
                0x00000000        0x1 ./Sources/main.o
 .bss.PacketParameter2
                0x00000000        0x1 ./Sources/main.o
 .bss.PacketParameter3
                0x00000000        0x1 ./Sources/main.o
 .text.SetDefaultFlashValues
                0x00000000       0xcc ./Sources/main.o
 .text.SendStartupPacket
                0x00000000       0x48 ./Sources/main.o
 .text.SendReadBytePacket
                0x00000000       0x3c ./Sources/main.o
 .text.HandleStartupPacket
                0x00000000       0x40 ./Sources/main.o
 .text.HandleProgramBytePacket
                0x00000000       0x5c ./Sources/main.o
 .text.HandleReadBytePacket
                0x00000000       0x34 ./Sources/main.o
 .text.HandleTimingModePacket
                0x00000000       0x6c ./Sources/main.o
 .text.HandleNbRaisesPacket
                0x00000000       0x68 ./Sources/main.o
 .text.HandleNbLowersPacket
                0x00000000       0x68 ./Sources/main.o
 .text.SamplingThread
                0x00000000       0x78 ./Sources/main.o
 .text.RMSThread
                0x00000000       0xec ./Sources/main.o
 .text.HandlePacket
                0x00000000       0xb4 ./Sources/main.o
 .text.PITCallback
                0x00000000       0x14 ./Sources/main.o
 .debug_macro   0x00000000      0x850 ./Sources/main.o
 .debug_macro   0x00000000       0x16 ./Sources/main.o
 .debug_macro   0x00000000       0x44 ./Sources/main.o
 .debug_macro   0x00000000      0x209 ./Sources/main.o
 .debug_macro   0x00000000      0x14e ./Sources/main.o
 .debug_macro   0x00000000       0x64 ./Sources/main.o
 .debug_macro   0x00000000    0x174c1 ./Sources/main.o
 .debug_macro   0x00000000       0x22 ./Sources/main.o
 .debug_macro   0x00000000       0x58 ./Sources/main.o
 .debug_macro   0x00000000       0x35 ./Sources/main.o
 .debug_macro   0x00000000       0xa3 ./Sources/main.o
 .debug_macro   0x00000000      0x166 ./Sources/main.o
 .debug_macro   0x00000000       0x52 ./Sources/main.o
 .debug_macro   0x00000000       0x16 ./Sources/main.o
 .debug_macro   0x00000000       0x43 ./Sources/main.o
 .debug_macro   0x00000000      0x180 ./Sources/main.o
 .debug_macro   0x00000000       0xde ./Sources/main.o
 .debug_macro   0x00000000      0x183 ./Sources/main.o
 .debug_macro   0x00000000       0x2e ./Sources/main.o
 .debug_macro   0x00000000       0x1c ./Sources/main.o
 .group         0x00000000        0x8 ./Sources/packet.o
 .group         0x00000000        0x8 ./Sources/packet.o
 .group         0x00000000        0x8 ./Sources/packet.o
 .group         0x00000000        0x8 ./Sources/packet.o
 .group         0x00000000        0x8 ./Sources/packet.o
 .group         0x00000000        0x8 ./Sources/packet.o
 .group         0x00000000        0x8 ./Sources/packet.o
 .group         0x00000000        0x8 ./Sources/packet.o
 .group         0x00000000        0x8 ./Sources/packet.o
 .group         0x00000000        0x8 ./Sources/packet.o
 .group         0x00000000        0x8 ./Sources/packet.o
 .group         0x00000000        0x8 ./Sources/packet.o
 .group         0x00000000        0x8 ./Sources/packet.o
 .group         0x00000000        0x8 ./Sources/packet.o
 .group         0x00000000        0x8 ./Sources/packet.o
 .group         0x00000000        0x8 ./Sources/packet.o
 .group         0x00000000        0x8 ./Sources/packet.o
 .group         0x00000000        0x8 ./Sources/packet.o
 .group         0x00000000        0x8 ./Sources/packet.o
 .group         0x00000000        0x8 ./Sources/packet.o
 .group         0x00000000        0x8 ./Sources/packet.o
 .group         0x00000000        0x8 ./Sources/packet.o
 .text          0x00000000        0x0 ./Sources/packet.o
 .data          0x00000000        0x0 ./Sources/packet.o
 .bss           0x00000000        0x0 ./Sources/packet.o
 .rodata.PACKET_ACK_MASK
                0x00000000        0x1 ./Sources/packet.o
 .text.PacketTest
                0x00000000       0x44 ./Sources/packet.o
 .text.Packet_Init
                0x00000000       0x2c ./Sources/packet.o
 .text.Packet_Get
                0x00000000      0x1f8 ./Sources/packet.o
 .text.Packet_Put
                0x00000000       0xf0 ./Sources/packet.o
 .bss.Position.7245
                0x00000000        0x1 ./Sources/packet.o
 .debug_info    0x00000000      0x379 ./Sources/packet.o
 .debug_abbrev  0x00000000      0x129 ./Sources/packet.o
 .debug_aranges
                0x00000000       0x38 ./Sources/packet.o
 .debug_ranges  0x00000000       0x28 ./Sources/packet.o
 .debug_macro   0x00000000      0x158 ./Sources/packet.o
 .debug_macro   0x00000000      0x850 ./Sources/packet.o
 .debug_macro   0x00000000       0x16 ./Sources/packet.o
 .debug_macro   0x00000000       0x44 ./Sources/packet.o
 .debug_macro   0x00000000      0x209 ./Sources/packet.o
 .debug_macro   0x00000000       0x22 ./Sources/packet.o
 .debug_macro   0x00000000       0x58 ./Sources/packet.o
 .debug_macro   0x00000000       0x35 ./Sources/packet.o
 .debug_macro   0x00000000       0xa3 ./Sources/packet.o
 .debug_macro   0x00000000      0x166 ./Sources/packet.o
 .debug_macro   0x00000000       0x52 ./Sources/packet.o
 .debug_macro   0x00000000       0x16 ./Sources/packet.o
 .debug_macro   0x00000000       0x43 ./Sources/packet.o
 .debug_macro   0x00000000      0x180 ./Sources/packet.o
 .debug_macro   0x00000000       0xde ./Sources/packet.o
 .debug_macro   0x00000000      0x183 ./Sources/packet.o
 .debug_macro   0x00000000     0x17fa ./Sources/packet.o
 .debug_macro   0x00000000      0x14e ./Sources/packet.o
 .debug_macro   0x00000000       0x64 ./Sources/packet.o
 .debug_macro   0x00000000    0x174c1 ./Sources/packet.o
 .debug_macro   0x00000000       0x9a ./Sources/packet.o
 .debug_macro   0x00000000       0x36 ./Sources/packet.o
 .debug_macro   0x00000000       0x34 ./Sources/packet.o
 .debug_line    0x00000000      0x3de ./Sources/packet.o
 .debug_str     0x00000000    0x8cb56 ./Sources/packet.o
 .comment       0x00000000       0x71 ./Sources/packet.o
 .ARM.attributes
                0x00000000       0x39 ./Sources/packet.o
 .debug_frame   0x00000000       0x8c ./Sources/packet.o
 COMMON         0x00000000        0x4 ./Sources/packet.o
 .group         0x00000000        0x8 ./Project_Settings/Startup_Code/startup.o
 .group         0x00000000        0x8 ./Project_Settings/Startup_Code/startup.o
 .group         0x00000000        0x8 ./Project_Settings/Startup_Code/startup.o
 .group         0x00000000        0x8 ./Project_Settings/Startup_Code/startup.o
 .group         0x00000000        0x8 ./Project_Settings/Startup_Code/startup.o
 .group         0x00000000        0x8 ./Project_Settings/Startup_Code/startup.o
 .group         0x00000000        0x8 ./Project_Settings/Startup_Code/startup.o
 .group         0x00000000        0x8 ./Project_Settings/Startup_Code/startup.o
 .group         0x00000000        0x8 ./Project_Settings/Startup_Code/startup.o
 .group         0x00000000        0x8 ./Project_Settings/Startup_Code/startup.o
 .group         0x00000000        0x8 ./Project_Settings/Startup_Code/startup.o
 .group         0x00000000        0x8 ./Project_Settings/Startup_Code/startup.o
 .group         0x00000000        0x8 ./Project_Settings/Startup_Code/startup.o
 .group         0x00000000        0x8 ./Project_Settings/Startup_Code/startup.o
 .group         0x00000000        0x8 ./Project_Settings/Startup_Code/startup.o
 .group         0x00000000        0x8 ./Project_Settings/Startup_Code/startup.o
 .group         0x00000000        0x8 ./Project_Settings/Startup_Code/startup.o
 .group         0x00000000        0x8 ./Project_Settings/Startup_Code/startup.o
 .group         0x00000000        0x8 ./Project_Settings/Startup_Code/startup.o
 .text          0x00000000        0x0 ./Project_Settings/Startup_Code/startup.o
 .data          0x00000000        0x0 ./Project_Settings/Startup_Code/startup.o
 .bss           0x00000000        0x0 ./Project_Settings/Startup_Code/startup.o
 .text.__init_hardware
                0x00000000        0xc ./Project_Settings/Startup_Code/startup.o
 .text.__iar_program_start
                0x00000000        0xc ./Project_Settings/Startup_Code/startup.o
 .debug_macro   0x00000000      0x850 ./Project_Settings/Startup_Code/startup.o
 .debug_macro   0x00000000       0x58 ./Project_Settings/Startup_Code/startup.o
 .debug_macro   0x00000000       0x16 ./Project_Settings/Startup_Code/startup.o
 .debug_macro   0x00000000       0x35 ./Project_Settings/Startup_Code/startup.o
 .debug_macro   0x00000000       0xa3 ./Project_Settings/Startup_Code/startup.o
 .debug_macro   0x00000000      0x166 ./Project_Settings/Startup_Code/startup.o
 .debug_macro   0x00000000       0x52 ./Project_Settings/Startup_Code/startup.o
 .debug_macro   0x00000000       0x16 ./Project_Settings/Startup_Code/startup.o
 .debug_macro   0x00000000       0x43 ./Project_Settings/Startup_Code/startup.o
 .debug_macro   0x00000000      0x180 ./Project_Settings/Startup_Code/startup.o
 .group         0x00000000        0x8 ./Generated_Code/Cpu.o
 .group         0x00000000        0x8 ./Generated_Code/Cpu.o
 .group         0x00000000        0x8 ./Generated_Code/Cpu.o
 .group         0x00000000        0x8 ./Generated_Code/Cpu.o
 .group         0x00000000        0x8 ./Generated_Code/Cpu.o
 .group         0x00000000        0x8 ./Generated_Code/Cpu.o
 .group         0x00000000        0x8 ./Generated_Code/Cpu.o
 .group         0x00000000        0x8 ./Generated_Code/Cpu.o
 .group         0x00000000        0x8 ./Generated_Code/Cpu.o
 .text          0x00000000        0x0 ./Generated_Code/Cpu.o
 .data          0x00000000        0x0 ./Generated_Code/Cpu.o
 .bss           0x00000000        0x0 ./Generated_Code/Cpu.o
 .debug_macro   0x00000000      0x850 ./Generated_Code/Cpu.o
 .debug_macro   0x00000000       0x16 ./Generated_Code/Cpu.o
 .debug_macro   0x00000000       0x44 ./Generated_Code/Cpu.o
 .debug_macro   0x00000000      0x209 ./Generated_Code/Cpu.o
 .debug_macro   0x00000000     0x17fa ./Generated_Code/Cpu.o
 .debug_macro   0x00000000      0x14e ./Generated_Code/Cpu.o
 .debug_macro   0x00000000       0x64 ./Generated_Code/Cpu.o
 .debug_macro   0x00000000    0x174c1 ./Generated_Code/Cpu.o
 .group         0x00000000        0x8 ./Generated_Code/Vectors.o
 .group         0x00000000        0x8 ./Generated_Code/Vectors.o
 .group         0x00000000        0x8 ./Generated_Code/Vectors.o
 .group         0x00000000        0x8 ./Generated_Code/Vectors.o
 .group         0x00000000        0x8 ./Generated_Code/Vectors.o
 .group         0x00000000        0x8 ./Generated_Code/Vectors.o
 .group         0x00000000        0x8 ./Generated_Code/Vectors.o
 .group         0x00000000        0x8 ./Generated_Code/Vectors.o
 .group         0x00000000        0x8 ./Generated_Code/Vectors.o
 .group         0x00000000        0x8 ./Generated_Code/Vectors.o
 .group         0x00000000        0x8 ./Generated_Code/Vectors.o
 .text          0x00000000        0x0 ./Generated_Code/Vectors.o
 .data          0x00000000        0x0 ./Generated_Code/Vectors.o
 .bss           0x00000000        0x0 ./Generated_Code/Vectors.o
 .debug_macro   0x00000000      0x850 ./Generated_Code/Vectors.o
 .debug_macro   0x00000000       0x16 ./Generated_Code/Vectors.o
 .debug_macro   0x00000000       0x44 ./Generated_Code/Vectors.o
 .debug_macro   0x00000000      0x209 ./Generated_Code/Vectors.o
 .debug_macro   0x00000000     0x17fa ./Generated_Code/Vectors.o
 .debug_macro   0x00000000      0x14e ./Generated_Code/Vectors.o
 .debug_macro   0x00000000       0x64 ./Generated_Code/Vectors.o
 .debug_macro   0x00000000    0x174c1 ./Generated_Code/Vectors.o
 .debug_macro   0x00000000       0x9a ./Generated_Code/Vectors.o
 .debug_macro   0x00000000       0x22 ./Generated_Code/Vectors.o
 .debug_macro   0x00000000       0x30 ./Generated_Code/Vectors.o
 .group         0x00000000        0x8 C:\Users\13113117\Desktop\UTS_EmbeddedSoftware\Library\libOS.a(OS.o)
 .group         0x00000000        0x8 C:\Users\13113117\Desktop\UTS_EmbeddedSoftware\Library\libOS.a(OS.o)
 .group         0x00000000        0x8 C:\Users\13113117\Desktop\UTS_EmbeddedSoftware\Library\libOS.a(OS.o)
 .group         0x00000000        0x8 C:\Users\13113117\Desktop\UTS_EmbeddedSoftware\Library\libOS.a(OS.o)
 .group         0x00000000        0x8 C:\Users\13113117\Desktop\UTS_EmbeddedSoftware\Library\libOS.a(OS.o)
 .group         0x00000000        0x8 C:\Users\13113117\Desktop\UTS_EmbeddedSoftware\Library\libOS.a(OS.o)
 .group         0x00000000        0x8 C:\Users\13113117\Desktop\UTS_EmbeddedSoftware\Library\libOS.a(OS.o)
 .group         0x00000000        0x8 C:\Users\13113117\Desktop\UTS_EmbeddedSoftware\Library\libOS.a(OS.o)
 .group         0x00000000        0x8 C:\Users\13113117\Desktop\UTS_EmbeddedSoftware\Library\libOS.a(OS.o)
 .group         0x00000000        0x8 C:\Users\13113117\Desktop\UTS_EmbeddedSoftware\Library\libOS.a(OS.o)
 .group         0x00000000        0x8 C:\Users\13113117\Desktop\UTS_EmbeddedSoftware\Library\libOS.a(OS.o)
 .text          0x00000000        0x0 C:\Users\13113117\Desktop\UTS_EmbeddedSoftware\Library\libOS.a(OS.o)
 .data          0x00000000        0x0 C:\Users\13113117\Desktop\UTS_EmbeddedSoftware\Library\libOS.a(OS.o)
 .bss           0x00000000        0x0 C:\Users\13113117\Desktop\UTS_EmbeddedSoftware\Library\libOS.a(OS.o)
 .rodata.OS_TICK_FREQUENCY
                0x00000000        0x4 C:\Users\13113117\Desktop\UTS_EmbeddedSoftware\Library\libOS.a(OS.o)
 .text.OS_SemaphoreSignal
                0x00000000       0x44 C:\Users\13113117\Desktop\UTS_EmbeddedSoftware\Library\libOS.a(OS.o)
 .text.OS_TimeDelay
                0x00000000       0x48 C:\Users\13113117\Desktop\UTS_EmbeddedSoftware\Library\libOS.a(OS.o)
 .text.OS_TimeGet
                0x00000000       0x24 C:\Users\13113117\Desktop\UTS_EmbeddedSoftware\Library\libOS.a(OS.o)
 .text.OS_TimeSet
                0x00000000       0x20 C:\Users\13113117\Desktop\UTS_EmbeddedSoftware\Library\libOS.a(OS.o)
 .text.EventThreadReady
                0x00000000       0x68 C:\Users\13113117\Desktop\UTS_EmbeddedSoftware\Library\libOS.a(OS.o)
 .debug_macro   0x00000000      0x850 C:\Users\13113117\Desktop\UTS_EmbeddedSoftware\Library\libOS.a(OS.o)
 .debug_macro   0x00000000       0x16 C:\Users\13113117\Desktop\UTS_EmbeddedSoftware\Library\libOS.a(OS.o)
 .debug_macro   0x00000000       0x44 C:\Users\13113117\Desktop\UTS_EmbeddedSoftware\Library\libOS.a(OS.o)
 .debug_macro   0x00000000      0x209 C:\Users\13113117\Desktop\UTS_EmbeddedSoftware\Library\libOS.a(OS.o)
 .debug_macro   0x00000000     0x17fa C:\Users\13113117\Desktop\UTS_EmbeddedSoftware\Library\libOS.a(OS.o)
 .debug_macro   0x00000000      0x14e C:\Users\13113117\Desktop\UTS_EmbeddedSoftware\Library\libOS.a(OS.o)
 .debug_macro   0x00000000       0x64 C:\Users\13113117\Desktop\UTS_EmbeddedSoftware\Library\libOS.a(OS.o)
 .debug_macro   0x00000000    0x174c1 C:\Users\13113117\Desktop\UTS_EmbeddedSoftware\Library\libOS.a(OS.o)
 .debug_macro   0x00000000       0x22 C:\Users\13113117\Desktop\UTS_EmbeddedSoftware\Library\libOS.a(OS.o)
 .debug_macro   0x00000000       0x30 C:\Users\13113117\Desktop\UTS_EmbeddedSoftware\Library\libOS.a(OS.o)
 .group         0x00000000        0x8 C:\Users\13113117\Desktop\UTS_EmbeddedSoftware\Library\libAnalog.a(analog.o)
 .group         0x00000000        0x8 C:\Users\13113117\Desktop\UTS_EmbeddedSoftware\Library\libAnalog.a(analog.o)
 .group         0x00000000        0x8 C:\Users\13113117\Desktop\UTS_EmbeddedSoftware\Library\libAnalog.a(analog.o)
 .group         0x00000000        0x8 C:\Users\13113117\Desktop\UTS_EmbeddedSoftware\Library\libAnalog.a(analog.o)
 .group         0x00000000        0x8 C:\Users\13113117\Desktop\UTS_EmbeddedSoftware\Library\libAnalog.a(analog.o)
 .group         0x00000000        0x8 C:\Users\13113117\Desktop\UTS_EmbeddedSoftware\Library\libAnalog.a(analog.o)
 .group         0x00000000        0x8 C:\Users\13113117\Desktop\UTS_EmbeddedSoftware\Library\libAnalog.a(analog.o)
 .text          0x00000000        0x0 C:\Users\13113117\Desktop\UTS_EmbeddedSoftware\Library\libAnalog.a(analog.o)
 .data          0x00000000        0x0 C:\Users\13113117\Desktop\UTS_EmbeddedSoftware\Library\libAnalog.a(analog.o)
 .bss           0x00000000        0x0 C:\Users\13113117\Desktop\UTS_EmbeddedSoftware\Library\libAnalog.a(analog.o)
 .debug_macro   0x00000000      0x850 C:\Users\13113117\Desktop\UTS_EmbeddedSoftware\Library\libAnalog.a(analog.o)
 .debug_macro   0x00000000      0x166 C:\Users\13113117\Desktop\UTS_EmbeddedSoftware\Library\libAnalog.a(analog.o)
 .debug_macro   0x00000000       0x16 C:\Users\13113117\Desktop\UTS_EmbeddedSoftware\Library\libAnalog.a(analog.o)
 .debug_macro   0x00000000       0x44 C:\Users\13113117\Desktop\UTS_EmbeddedSoftware\Library\libAnalog.a(analog.o)
 .debug_macro   0x00000000      0x209 C:\Users\13113117\Desktop\UTS_EmbeddedSoftware\Library\libAnalog.a(analog.o)
 .debug_macro   0x00000000       0x22 C:\Users\13113117\Desktop\UTS_EmbeddedSoftware\Library\libAnalog.a(analog.o)
 .group         0x00000000        0x8 C:\Users\13113117\Desktop\UTS_EmbeddedSoftware\Library\libAnalog.a(SPI.o)
 .group         0x00000000        0x8 C:\Users\13113117\Desktop\UTS_EmbeddedSoftware\Library\libAnalog.a(SPI.o)
 .group         0x00000000        0x8 C:\Users\13113117\Desktop\UTS_EmbeddedSoftware\Library\libAnalog.a(SPI.o)
 .group         0x00000000        0x8 C:\Users\13113117\Desktop\UTS_EmbeddedSoftware\Library\libAnalog.a(SPI.o)
 .group         0x00000000        0x8 C:\Users\13113117\Desktop\UTS_EmbeddedSoftware\Library\libAnalog.a(SPI.o)
 .group         0x00000000        0x8 C:\Users\13113117\Desktop\UTS_EmbeddedSoftware\Library\libAnalog.a(SPI.o)
 .text          0x00000000        0x0 C:\Users\13113117\Desktop\UTS_EmbeddedSoftware\Library\libAnalog.a(SPI.o)
 .data          0x00000000        0x0 C:\Users\13113117\Desktop\UTS_EmbeddedSoftware\Library\libAnalog.a(SPI.o)
 .bss           0x00000000        0x0 C:\Users\13113117\Desktop\UTS_EmbeddedSoftware\Library\libAnalog.a(SPI.o)
 .rodata.MAX_SPI_WAIT_COUNT
                0x00000000        0x2 C:\Users\13113117\Desktop\UTS_EmbeddedSoftware\Library\libAnalog.a(SPI.o)
 .debug_macro   0x00000000      0x850 C:\Users\13113117\Desktop\UTS_EmbeddedSoftware\Library\libAnalog.a(SPI.o)
 .debug_macro   0x00000000       0x16 C:\Users\13113117\Desktop\UTS_EmbeddedSoftware\Library\libAnalog.a(SPI.o)
 .debug_macro   0x00000000       0x44 C:\Users\13113117\Desktop\UTS_EmbeddedSoftware\Library\libAnalog.a(SPI.o)
 .debug_macro   0x00000000      0x209 C:\Users\13113117\Desktop\UTS_EmbeddedSoftware\Library\libAnalog.a(SPI.o)
 .debug_macro   0x00000000       0x22 C:\Users\13113117\Desktop\UTS_EmbeddedSoftware\Library\libAnalog.a(SPI.o)
 .debug_macro   0x00000000    0x174c1 C:\Users\13113117\Desktop\UTS_EmbeddedSoftware\Library\libAnalog.a(SPI.o)
 .text          0x00000000       0x2c c:/freescale/kds_3.0.0/toolchain/bin/../lib/gcc/arm-none-eabi/4.8.4/armv7e-m/fpu\libgcc.a(_aeabi_uldivmod.o)
 .data          0x00000000        0x0 c:/freescale/kds_3.0.0/toolchain/bin/../lib/gcc/arm-none-eabi/4.8.4/armv7e-m/fpu\libgcc.a(_aeabi_uldivmod.o)
 .bss           0x00000000        0x0 c:/freescale/kds_3.0.0/toolchain/bin/../lib/gcc/arm-none-eabi/4.8.4/armv7e-m/fpu\libgcc.a(_aeabi_uldivmod.o)
 .ARM.attributes
                0x00000000       0x22 c:/freescale/kds_3.0.0/toolchain/bin/../lib/gcc/arm-none-eabi/4.8.4/armv7e-m/fpu\libgcc.a(_aeabi_uldivmod.o)
 .text          0x00000000       0x60 c:/freescale/kds_3.0.0/toolchain/bin/../lib/gcc/arm-none-eabi/4.8.4/armv7e-m/fpu\libgcc.a(bpabi.o)
 .data          0x00000000        0x0 c:/freescale/kds_3.0.0/toolchain/bin/../lib/gcc/arm-none-eabi/4.8.4/armv7e-m/fpu\libgcc.a(bpabi.o)
 .bss           0x00000000        0x0 c:/freescale/kds_3.0.0/toolchain/bin/../lib/gcc/arm-none-eabi/4.8.4/armv7e-m/fpu\libgcc.a(bpabi.o)
 .ARM.attributes
                0x00000000       0x34 c:/freescale/kds_3.0.0/toolchain/bin/../lib/gcc/arm-none-eabi/4.8.4/armv7e-m/fpu\libgcc.a(bpabi.o)
 .debug_frame   0x00000000       0x50 c:/freescale/kds_3.0.0/toolchain/bin/../lib/gcc/arm-none-eabi/4.8.4/armv7e-m/fpu\libgcc.a(bpabi.o)
 .text          0x00000000        0x4 c:/freescale/kds_3.0.0/toolchain/bin/../lib/gcc/arm-none-eabi/4.8.4/armv7e-m/fpu\libgcc.a(_dvmd_tls.o)
 .data          0x00000000        0x0 c:/freescale/kds_3.0.0/toolchain/bin/../lib/gcc/arm-none-eabi/4.8.4/armv7e-m/fpu\libgcc.a(_dvmd_tls.o)
 .bss           0x00000000        0x0 c:/freescale/kds_3.0.0/toolchain/bin/../lib/gcc/arm-none-eabi/4.8.4/armv7e-m/fpu\libgcc.a(_dvmd_tls.o)
 .ARM.attributes
                0x00000000       0x22 c:/freescale/kds_3.0.0/toolchain/bin/../lib/gcc/arm-none-eabi/4.8.4/armv7e-m/fpu\libgcc.a(_dvmd_tls.o)
 .text          0x00000000      0x298 c:/freescale/kds_3.0.0/toolchain/bin/../lib/gcc/arm-none-eabi/4.8.4/armv7e-m/fpu\libgcc.a(_divdi3.o)
 .data          0x00000000        0x0 c:/freescale/kds_3.0.0/toolchain/bin/../lib/gcc/arm-none-eabi/4.8.4/armv7e-m/fpu\libgcc.a(_divdi3.o)
 .bss           0x00000000        0x0 c:/freescale/kds_3.0.0/toolchain/bin/../lib/gcc/arm-none-eabi/4.8.4/armv7e-m/fpu\libgcc.a(_divdi3.o)
 .ARM.extab     0x00000000        0x0 c:/freescale/kds_3.0.0/toolchain/bin/../lib/gcc/arm-none-eabi/4.8.4/armv7e-m/fpu\libgcc.a(_divdi3.o)
 .ARM.exidx     0x00000000        0x8 c:/freescale/kds_3.0.0/toolchain/bin/../lib/gcc/arm-none-eabi/4.8.4/armv7e-m/fpu\libgcc.a(_divdi3.o)
 .ARM.attributes
                0x00000000       0x34 c:/freescale/kds_3.0.0/toolchain/bin/../lib/gcc/arm-none-eabi/4.8.4/armv7e-m/fpu\libgcc.a(_divdi3.o)
 .debug_frame   0x00000000       0x34 c:/freescale/kds_3.0.0/toolchain/bin/../lib/gcc/arm-none-eabi/4.8.4/armv7e-m/fpu\libgcc.a(_divdi3.o)
 .text          0x00000000      0x284 c:/freescale/kds_3.0.0/toolchain/bin/../lib/gcc/arm-none-eabi/4.8.4/armv7e-m/fpu\libgcc.a(_udivdi3.o)
 .data          0x00000000        0x0 c:/freescale/kds_3.0.0/toolchain/bin/../lib/gcc/arm-none-eabi/4.8.4/armv7e-m/fpu\libgcc.a(_udivdi3.o)
 .bss           0x00000000        0x0 c:/freescale/kds_3.0.0/toolchain/bin/../lib/gcc/arm-none-eabi/4.8.4/armv7e-m/fpu\libgcc.a(_udivdi3.o)
 .ARM.extab     0x00000000        0x0 c:/freescale/kds_3.0.0/toolchain/bin/../lib/gcc/arm-none-eabi/4.8.4/armv7e-m/fpu\libgcc.a(_udivdi3.o)
 .ARM.exidx     0x00000000        0x8 c:/freescale/kds_3.0.0/toolchain/bin/../lib/gcc/arm-none-eabi/4.8.4/armv7e-m/fpu\libgcc.a(_udivdi3.o)
 .ARM.attributes
                0x00000000       0x34 c:/freescale/kds_3.0.0/toolchain/bin/../lib/gcc/arm-none-eabi/4.8.4/armv7e-m/fpu\libgcc.a(_udivdi3.o)
 .debug_frame   0x00000000       0x34 c:/freescale/kds_3.0.0/toolchain/bin/../lib/gcc/arm-none-eabi/4.8.4/armv7e-m/fpu\libgcc.a(_udivdi3.o)
 .text          0x00000000        0x0 c:/freescale/kds_3.0.0/toolchain/bin/../lib/gcc/arm-none-eabi/4.8.4/../../../../arm-none-eabi/lib/armv7e-m/fpu\libg_s.a(lib_a-exit.o)
 .data          0x00000000        0x0 c:/freescale/kds_3.0.0/toolchain/bin/../lib/gcc/arm-none-eabi/4.8.4/../../../../arm-none-eabi/lib/armv7e-m/fpu\libg_s.a(lib_a-exit.o)
 .bss           0x00000000        0x0 c:/freescale/kds_3.0.0/toolchain/bin/../lib/gcc/arm-none-eabi/4.8.4/../../../../arm-none-eabi/lib/armv7e-m/fpu\libg_s.a(lib_a-exit.o)
 .text          0x00000000        0x0 c:/freescale/kds_3.0.0/toolchain/bin/../lib/gcc/arm-none-eabi/4.8.4/../../../../arm-none-eabi/lib/armv7e-m/fpu\libg_s.a(lib_a-impure.o)
 .data          0x00000000        0x0 c:/freescale/kds_3.0.0/toolchain/bin/../lib/gcc/arm-none-eabi/4.8.4/../../../../arm-none-eabi/lib/armv7e-m/fpu\libg_s.a(lib_a-impure.o)
 .bss           0x00000000        0x0 c:/freescale/kds_3.0.0/toolchain/bin/../lib/gcc/arm-none-eabi/4.8.4/../../../../arm-none-eabi/lib/armv7e-m/fpu\libg_s.a(lib_a-impure.o)
 .data._impure_ptr
                0x00000000        0x4 c:/freescale/kds_3.0.0/toolchain/bin/../lib/gcc/arm-none-eabi/4.8.4/../../../../arm-none-eabi/lib/armv7e-m/fpu\libg_s.a(lib_a-impure.o)
 .text          0x00000000        0x0 c:/freescale/kds_3.0.0/toolchain/bin/../lib/gcc/arm-none-eabi/4.8.4/../../../../arm-none-eabi/lib/armv7e-m/fpu\libg_s.a(lib_a-init.o)
 .data          0x00000000        0x0 c:/freescale/kds_3.0.0/toolchain/bin/../lib/gcc/arm-none-eabi/4.8.4/../../../../arm-none-eabi/lib/armv7e-m/fpu\libg_s.a(lib_a-init.o)
 .bss           0x00000000        0x0 c:/freescale/kds_3.0.0/toolchain/bin/../lib/gcc/arm-none-eabi/4.8.4/../../../../arm-none-eabi/lib/armv7e-m/fpu\libg_s.a(lib_a-init.o)
 .text          0x00000000        0x0 c:/freescale/kds_3.0.0/toolchain/bin/../lib/gcc/arm-none-eabi/4.8.4/../../../../arm-none-eabi/lib/armv7e-m/fpu\libg_s.a(lib_a-memset.o)
 .data          0x00000000        0x0 c:/freescale/kds_3.0.0/toolchain/bin/../lib/gcc/arm-none-eabi/4.8.4/../../../../arm-none-eabi/lib/armv7e-m/fpu\libg_s.a(lib_a-memset.o)
 .bss           0x00000000        0x0 c:/freescale/kds_3.0.0/toolchain/bin/../lib/gcc/arm-none-eabi/4.8.4/../../../../arm-none-eabi/lib/armv7e-m/fpu\libg_s.a(lib_a-memset.o)
 .text          0x00000000        0x0 c:/freescale/kds_3.0.0/toolchain/bin/../lib/gcc/arm-none-eabi/4.8.4/../../../../arm-none-eabi/lib/armv7e-m/fpu\libnosys.a(_exit.o)
 .data          0x00000000        0x0 c:/freescale/kds_3.0.0/toolchain/bin/../lib/gcc/arm-none-eabi/4.8.4/../../../../arm-none-eabi/lib/armv7e-m/fpu\libnosys.a(_exit.o)
 .bss           0x00000000        0x0 c:/freescale/kds_3.0.0/toolchain/bin/../lib/gcc/arm-none-eabi/4.8.4/../../../../arm-none-eabi/lib/armv7e-m/fpu\libnosys.a(_exit.o)
 .text          0x00000000        0x0 c:/freescale/kds_3.0.0/toolchain/bin/../lib/gcc/arm-none-eabi/4.8.4/armv7e-m/fpu/crtend.o
 .data          0x00000000        0x0 c:/freescale/kds_3.0.0/toolchain/bin/../lib/gcc/arm-none-eabi/4.8.4/armv7e-m/fpu/crtend.o
 .bss           0x00000000        0x0 c:/freescale/kds_3.0.0/toolchain/bin/../lib/gcc/arm-none-eabi/4.8.4/armv7e-m/fpu/crtend.o
 .eh_frame      0x00000000        0x4 c:/freescale/kds_3.0.0/toolchain/bin/../lib/gcc/arm-none-eabi/4.8.4/armv7e-m/fpu/crtend.o
 .jcr           0x00000000        0x4 c:/freescale/kds_3.0.0/toolchain/bin/../lib/gcc/arm-none-eabi/4.8.4/armv7e-m/fpu/crtend.o
 .ARM.attributes
                0x00000000       0x34 c:/freescale/kds_3.0.0/toolchain/bin/../lib/gcc/arm-none-eabi/4.8.4/armv7e-m/fpu/crtend.o
 .text          0x00000000        0x0 c:/freescale/kds_3.0.0/toolchain/bin/../lib/gcc/arm-none-eabi/4.8.4/armv7e-m/fpu/crtn.o
 .data          0x00000000        0x0 c:/freescale/kds_3.0.0/toolchain/bin/../lib/gcc/arm-none-eabi/4.8.4/armv7e-m/fpu/crtn.o
 .bss           0x00000000        0x0 c:/freescale/kds_3.0.0/toolchain/bin/../lib/gcc/arm-none-eabi/4.8.4/armv7e-m/fpu/crtn.o

Memory Configuration

Name             Origin             Length             Attributes
m_interrupts     0x00000000         0x000001e8         xr
m_text           0x00000410         0x0007fbf0         xr
m_data           0x1fff0000         0x00010000         rw
m_data_20000000  0x20000000         0x00010000         rw
m_cfmprotrom     0x00000400         0x00000010         xr
*default*        0x00000000         0xffffffff

Linker script and memory map

LOAD c:/freescale/kds_3.0.0/toolchain/bin/../lib/gcc/arm-none-eabi/4.8.4/armv7e-m/fpu/crti.o
LOAD c:/freescale/kds_3.0.0/toolchain/bin/../lib/gcc/arm-none-eabi/4.8.4/armv7e-m/fpu/crtbegin.o
LOAD c:/freescale/kds_3.0.0/toolchain/bin/../lib/gcc/arm-none-eabi/4.8.4/../../../../arm-none-eabi/lib/armv7e-m/fpu/crt0.o
LOAD ./Sources/FIFO.o
LOAD ./Sources/Flash.o
LOAD ./Sources/LEDs.o
LOAD ./Sources/PIT.o
LOAD ./Sources/UART.o
LOAD ./Sources/main.o
LOAD ./Sources/packet.o
LOAD ./Project_Settings/Startup_Code/startup.o
LOAD ./Generated_Code/Cpu.o
LOAD ./Generated_Code/Vectors.o
LOAD C:\Users\13113117\Desktop\UTS_EmbeddedSoftware\Library\libOS.a
LOAD C:\Users\13113117\Desktop\UTS_EmbeddedSoftware\Library\libAnalog.a
LOAD c:/freescale/kds_3.0.0/toolchain/bin/../lib/gcc/arm-none-eabi/4.8.4/../../../../arm-none-eabi/lib/armv7e-m/fpu\libstdc++_s.a
LOAD c:/freescale/kds_3.0.0/toolchain/bin/../lib/gcc/arm-none-eabi/4.8.4/../../../../arm-none-eabi/lib/armv7e-m/fpu\libm.a
START GROUP
LOAD c:/freescale/kds_3.0.0/toolchain/bin/../lib/gcc/arm-none-eabi/4.8.4/armv7e-m/fpu\libgcc.a
LOAD c:/freescale/kds_3.0.0/toolchain/bin/../lib/gcc/arm-none-eabi/4.8.4/../../../../arm-none-eabi/lib/armv7e-m/fpu\libg_s.a
LOAD c:/freescale/kds_3.0.0/toolchain/bin/../lib/gcc/arm-none-eabi/4.8.4/../../../../arm-none-eabi/lib/armv7e-m/fpu\libc_s.a
END GROUP
START GROUP
LOAD c:/freescale/kds_3.0.0/toolchain/bin/../lib/gcc/arm-none-eabi/4.8.4/armv7e-m/fpu\libgcc.a
LOAD c:/freescale/kds_3.0.0/toolchain/bin/../lib/gcc/arm-none-eabi/4.8.4/../../../../arm-none-eabi/lib/armv7e-m/fpu\libc_s.a
LOAD c:/freescale/kds_3.0.0/toolchain/bin/../lib/gcc/arm-none-eabi/4.8.4/../../../../arm-none-eabi/lib/armv7e-m/fpu\libnosys.a
END GROUP
START GROUP
LOAD c:/freescale/kds_3.0.0/toolchain/bin/../lib/gcc/arm-none-eabi/4.8.4/armv7e-m/fpu\libgcc.a
LOAD c:/freescale/kds_3.0.0/toolchain/bin/../lib/gcc/arm-none-eabi/4.8.4/../../../../arm-none-eabi/lib/armv7e-m/fpu\libc_s.a
LOAD c:/freescale/kds_3.0.0/toolchain/bin/../lib/gcc/arm-none-eabi/4.8.4/../../../../arm-none-eabi/lib/armv7e-m/fpu\libnosys.a
END GROUP
LOAD c:/freescale/kds_3.0.0/toolchain/bin/../lib/gcc/arm-none-eabi/4.8.4/armv7e-m/fpu/crtend.o
LOAD c:/freescale/kds_3.0.0/toolchain/bin/../lib/gcc/arm-none-eabi/4.8.4/armv7e-m/fpu/crtn.o
                0x20000000                _estack = 0x20000000
                0x20000000                __SP_INIT = _estack
                0x20000000                __stack = _estack
                0x00000000                __heap_size = 0x0
                0x00000400                __stack_size = 0x400

.interrupts     0x00000000      0x1e8
                0x00000000                __vector_table = .
                0x00000000                . = ALIGN (0x4)
 *(.vectortable)
 .vectortable   0x00000000      0x1e8 ./Generated_Code/Vectors.o
                0x00000000                __vect_table
                0x000001e8                . = ALIGN (0x4)

.cfmprotect     0x00000400       0x10
                0x00000400                . = ALIGN (0x4)
 *(.cfmconfig)
 .cfmconfig     0x00000400       0x10 ./Generated_Code/Cpu.o
                0x00000400                _cfm
                0x00000410                . = ALIGN (0x4)

.text           0x00000410     0x198c
                0x00000410                . = ALIGN (0x4)
 *(.text)
 .text          0x00000410       0x54 c:/freescale/kds_3.0.0/toolchain/bin/../lib/gcc/arm-none-eabi/4.8.4/armv7e-m/fpu/crtbegin.o
 .text          0x00000464       0x74 c:/freescale/kds_3.0.0/toolchain/bin/../lib/gcc/arm-none-eabi/4.8.4/../../../../arm-none-eabi/lib/armv7e-m/fpu/crt0.o
                0x00000464                _start
                0x00000464                _mainCRTStartup
 *(.text*)
 .text.InitModulesThread
                0x000004d8       0x54 ./Sources/main.o
 .text.AnalogLoopbackThread
                0x0000052c       0x38 ./Sources/main.o
                0x0000052c                AnalogLoopbackThread
 .text.main     0x00000564       0x88 ./Sources/main.o
                0x00000564                main
 .text.__copy_rom_section
                0x000005ec       0xe4 ./Project_Settings/Startup_Code/startup.o
                0x000005ec                __copy_rom_section
 .text.__copy_rom_sections_to_ram
                0x000006d0       0x9c ./Project_Settings/Startup_Code/startup.o
                0x000006d0                __copy_rom_sections_to_ram
 .text.__init_registers
                0x0000076c       0x20 ./Project_Settings/Startup_Code/startup.o
                0x0000076c                __init_registers
 .text.__init_user
                0x0000078c        0xc ./Project_Settings/Startup_Code/startup.o
                0x0000078c                __init_user
 .text.__thumb_startup
                0x00000798       0x34 ./Project_Settings/Startup_Code/startup.o
                0x00000798                __thumb_startup
 .text.Cpu_Interrupt
                0x000007cc       0x18 ./Generated_Code/Cpu.o
                0x000007cc                Cpu_Interrupt
 .text.__init_hardware
                0x000007e4      0x1cc ./Generated_Code/Cpu.o
                0x000007e4                __init_hardware
 .text.Cpu_SetBASEPRI
                0x000009b0       0x18 ./Generated_Code/Cpu.o
                0x000009b0                Cpu_SetBASEPRI
 .text.PE_low_level_init
                0x000009c8       0xe4 ./Generated_Code/Cpu.o
                0x000009c8                PE_low_level_init
 .text.OS_Init  0x00000aac      0x110 C:\Users\13113117\Desktop\UTS_EmbeddedSoftware\Library\libOS.a(OS.o)
                0x00000aac                OS_Init
 .text.OS_ISREnter
                0x00000bbc       0x20 C:\Users\13113117\Desktop\UTS_EmbeddedSoftware\Library\libOS.a(OS.o)
                0x00000bbc                OS_ISREnter
 .text.OS_ISRExit
                0x00000bdc       0x1c C:\Users\13113117\Desktop\UTS_EmbeddedSoftware\Library\libOS.a(OS.o)
                0x00000bdc                OS_ISRExit
 .text.OS_SemaphoreCreate
                0x00000bf8       0x90 C:\Users\13113117\Desktop\UTS_EmbeddedSoftware\Library\libOS.a(OS.o)
                0x00000bf8                OS_SemaphoreCreate
 .text.OS_SemaphoreWait
                0x00000c88       0x58 C:\Users\13113117\Desktop\UTS_EmbeddedSoftware\Library\libOS.a(OS.o)
                0x00000c88                OS_SemaphoreWait
 .text.OS_Start
                0x00000ce0       0x10 C:\Users\13113117\Desktop\UTS_EmbeddedSoftware\Library\libOS.a(OS.o)
                0x00000ce0                OS_Start
 .text.OS_ThreadCreate
                0x00000cf0      0x160 C:\Users\13113117\Desktop\UTS_EmbeddedSoftware\Library\libOS.a(OS.o)
                0x00000cf0                OS_ThreadCreate
 .text.OS_ThreadDelete
                0x00000e50      0x18c C:\Users\13113117\Desktop\UTS_EmbeddedSoftware\Library\libOS.a(OS.o)
                0x00000e50                OS_ThreadDelete
 .text.EventThreadWait
                0x00000fdc       0x64 C:\Users\13113117\Desktop\UTS_EmbeddedSoftware\Library\libOS.a(OS.o)
 .text.EventTimeout
                0x00001040       0x40 C:\Users\13113117\Desktop\UTS_EmbeddedSoftware\Library\libOS.a(OS.o)
 .text.Idle     0x00001080       0x18 C:\Users\13113117\Desktop\UTS_EmbeddedSoftware\Library\libOS.a(OS.o)
 .text.FindFirstSet
                0x00001098       0x44 C:\Users\13113117\Desktop\UTS_EmbeddedSoftware\Library\libOS.a(OS.o)
 .text.Schedule
                0x000010dc       0x64 C:\Users\13113117\Desktop\UTS_EmbeddedSoftware\Library\libOS.a(OS.o)
 .text.TCBInit  0x00001140       0xcc C:\Users\13113117\Desktop\UTS_EmbeddedSoftware\Library\libOS.a(OS.o)
 .text.TimeTick
                0x0000120c       0x74 C:\Users\13113117\Desktop\UTS_EmbeddedSoftware\Library\libOS.a(OS.o)
 .text.OS_ContextSwitchISR
                0x00001280       0x70 C:\Users\13113117\Desktop\UTS_EmbeddedSoftware\Library\libOS.a(OS.o)
                0x00001280                OS_ContextSwitchISR
 .text.OS_SysTickISR
                0x000012f0       0x5c C:\Users\13113117\Desktop\UTS_EmbeddedSoftware\Library\libOS.a(OS.o)
                0x000012f0                OS_SysTickISR
 .text.DACWrite
                0x0000134c       0x6c C:\Users\13113117\Desktop\UTS_EmbeddedSoftware\Library\libAnalog.a(analog.o)
 .text.Analog_Init
                0x000013b8       0x7c C:\Users\13113117\Desktop\UTS_EmbeddedSoftware\Library\libAnalog.a(analog.o)
                0x000013b8                Analog_Init
 .text.Analog_Get
                0x00001434       0x78 C:\Users\13113117\Desktop\UTS_EmbeddedSoftware\Library\libAnalog.a(analog.o)
                0x00001434                Analog_Get
 .text.Analog_Put
                0x000014ac       0x50 C:\Users\13113117\Desktop\UTS_EmbeddedSoftware\Library\libAnalog.a(analog.o)
                0x000014ac                Analog_Put
 .text.InitChipSelectPins
                0x000014fc       0x6c C:\Users\13113117\Desktop\UTS_EmbeddedSoftware\Library\libAnalog.a(SPI.o)
 .text.SetupModuleConfigurationRegister
                0x00001568      0x104 C:\Users\13113117\Desktop\UTS_EmbeddedSoftware\Library\libAnalog.a(SPI.o)
 .text.SetBaudRate
                0x0000166c      0x15c C:\Users\13113117\Desktop\UTS_EmbeddedSoftware\Library\libAnalog.a(SPI.o)
 .text.SetDelayAfterTransfer
                0x000017c8      0x168 C:\Users\13113117\Desktop\UTS_EmbeddedSoftware\Library\libAnalog.a(SPI.o)
 .text.SetupClockAndTransferAttributesRegister
                0x00001930      0x16c C:\Users\13113117\Desktop\UTS_EmbeddedSoftware\Library\libAnalog.a(SPI.o)
 .text.SPI_Init
                0x00001a9c       0x90 C:\Users\13113117\Desktop\UTS_EmbeddedSoftware\Library\libAnalog.a(SPI.o)
                0x00001a9c                SPI_Init
 .text.SPI_SelectSlaveDevice
                0x00001b2c       0x6c C:\Users\13113117\Desktop\UTS_EmbeddedSoftware\Library\libAnalog.a(SPI.o)
                0x00001b2c                SPI_SelectSlaveDevice
 .text.SPI_Exchange
                0x00001b98       0x94 C:\Users\13113117\Desktop\UTS_EmbeddedSoftware\Library\libAnalog.a(SPI.o)
                0x00001b98                SPI_Exchange
 .text.exit     0x00001c2c       0x28 c:/freescale/kds_3.0.0/toolchain/bin/../lib/gcc/arm-none-eabi/4.8.4/../../../../arm-none-eabi/lib/armv7e-m/fpu\libg_s.a(lib_a-exit.o)
                0x00001c2c                exit
 .text.__libc_init_array
                0x00001c54       0x4c c:/freescale/kds_3.0.0/toolchain/bin/../lib/gcc/arm-none-eabi/4.8.4/../../../../arm-none-eabi/lib/armv7e-m/fpu\libg_s.a(lib_a-init.o)
                0x00001c54                __libc_init_array
 .text.memset   0x00001ca0       0x10 c:/freescale/kds_3.0.0/toolchain/bin/../lib/gcc/arm-none-eabi/4.8.4/../../../../arm-none-eabi/lib/armv7e-m/fpu\libg_s.a(lib_a-memset.o)
                0x00001ca0                memset
 .text._exit    0x00001cb0        0x4 c:/freescale/kds_3.0.0/toolchain/bin/../lib/gcc/arm-none-eabi/4.8.4/../../../../arm-none-eabi/lib/armv7e-m/fpu\libnosys.a(_exit.o)
                0x00001cb0                _exit
 *(.rodata)
 .rodata        0x00001cb4        0x4 C:\Users\13113117\Desktop\UTS_EmbeddedSoftware\Library\libAnalog.a(analog.o)
 .rodata        0x00001cb8       0xa0 C:\Users\13113117\Desktop\UTS_EmbeddedSoftware\Library\libAnalog.a(SPI.o)
 *(.rodata*)
 .rodata.ANALOG_THREAD_PRIORITIES
                0x00001d58        0x8 ./Sources/main.o
                0x00001d58                ANALOG_THREAD_PRIORITIES
 .rodata.SPI_SETUP
                0x00001d60       0x1c C:\Users\13113117\Desktop\UTS_EmbeddedSoftware\Library\libAnalog.a(analog.o)
 .rodata.str1.1
                0x00001d7c        0x2 c:/freescale/kds_3.0.0/toolchain/bin/../lib/gcc/arm-none-eabi/4.8.4/../../../../arm-none-eabi/lib/armv7e-m/fpu\libg_s.a(lib_a-impure.o)
 *fill*         0x00001d7e        0x2 
 .rodata._global_impure_ptr
                0x00001d80        0x4 c:/freescale/kds_3.0.0/toolchain/bin/../lib/gcc/arm-none-eabi/4.8.4/../../../../arm-none-eabi/lib/armv7e-m/fpu\libg_s.a(lib_a-impure.o)
                0x00001d80                _global_impure_ptr
 *(.glue_7)
 .glue_7        0x00000000        0x0 linker stubs
 *(.glue_7t)
 .glue_7t       0x00000000        0x0 linker stubs
 *(.eh_frame)
 .eh_frame      0x00001d84        0x0 c:/freescale/kds_3.0.0/toolchain/bin/../lib/gcc/arm-none-eabi/4.8.4/armv7e-m/fpu/crtbegin.o
 *(.init)
 .init          0x00001d84        0x4 c:/freescale/kds_3.0.0/toolchain/bin/../lib/gcc/arm-none-eabi/4.8.4/armv7e-m/fpu/crti.o
                0x00001d84                _init
 .init          0x00001d88        0x8 c:/freescale/kds_3.0.0/toolchain/bin/../lib/gcc/arm-none-eabi/4.8.4/armv7e-m/fpu/crtn.o
 *(.fini)
 .fini          0x00001d90        0x4 c:/freescale/kds_3.0.0/toolchain/bin/../lib/gcc/arm-none-eabi/4.8.4/armv7e-m/fpu/crti.o
                0x00001d90                _fini
 .fini          0x00001d94        0x8 c:/freescale/kds_3.0.0/toolchain/bin/../lib/gcc/arm-none-eabi/4.8.4/armv7e-m/fpu/crtn.o
                0x00001d9c                . = ALIGN (0x4)
                0x00001d9c                _etext = .

.vfp11_veneer   0x00001d9c        0x0
 .vfp11_veneer  0x00000000        0x0 linker stubs

.v4_bx          0x00001d9c        0x0
 .v4_bx         0x00000000        0x0 linker stubs

.iplt           0x00001d9c        0x0
 .iplt          0x00000000        0x0 c:/freescale/kds_3.0.0/toolchain/bin/../lib/gcc/arm-none-eabi/4.8.4/armv7e-m/fpu/crtbegin.o

.ARM.extab
 *(.ARM.extab* .gnu.linkonce.armextab.*)

.ARM            0x00001d9c        0x8
                0x00001d9c                __exidx_start = .
 *(.ARM.exidx*)
 .ARM.exidx     0x00001d9c        0x8 c:/freescale/kds_3.0.0/toolchain/bin/../lib/gcc/arm-none-eabi/4.8.4/../../../../arm-none-eabi/lib/armv7e-m/fpu/crt0.o
                0x00001da4                __exidx_end = .

.rel.dyn        0x00001da4        0x0
 .rel.iplt      0x00000000        0x0 c:/freescale/kds_3.0.0/toolchain/bin/../lib/gcc/arm-none-eabi/4.8.4/armv7e-m/fpu/crtbegin.o

.ctors          0x00001da4        0x0
                0x00001da4                __CTOR_LIST__ = .
 *crtbegin.o(.ctors)
 *(EXCLUDE_FILE(*crtend.o) .ctors)
 *(SORT(.ctors.*))
 *(.ctors)
                0x00001da4                __CTOR_END__ = .

.dtors          0x00001da4        0x0
                0x00001da4                __DTOR_LIST__ = .
 *crtbegin.o(.dtors)
 *(EXCLUDE_FILE(*crtend.o) .dtors)
 *(SORT(.dtors.*))
 *(.dtors)
                0x00001da4                __DTOR_END__ = .

.preinit_array  0x00001da4        0x0
                0x00001da4                PROVIDE (__preinit_array_start, .)
 *(.preinit_array*)
                0x00001da4                PROVIDE (__preinit_array_end, .)

.init_array     0x00001da4        0x4
                0x00001da4                PROVIDE (__init_array_start, .)
 *(SORT(.init_array.*))
 *(.init_array*)
 .init_array    0x00001da4        0x4 c:/freescale/kds_3.0.0/toolchain/bin/../lib/gcc/arm-none-eabi/4.8.4/armv7e-m/fpu/crtbegin.o
                0x00001da8                PROVIDE (__init_array_end, .)

.fini_array     0x00001da8        0x4
                0x00001da8                PROVIDE (__fini_array_start, .)
 *(SORT(.fini_array.*))
 *(.fini_array*)
 .fini_array    0x00001da8        0x4 c:/freescale/kds_3.0.0/toolchain/bin/../lib/gcc/arm-none-eabi/4.8.4/armv7e-m/fpu/crtbegin.o
                0x00001dac                PROVIDE (__fini_array_end, .)
                0x00001dac                ___ROM_AT = .

.data           0x1fff0000       0x90 load address 0x00001dac
                0x1fff0000                . = ALIGN (0x4)
                0x1fff0000                _sdata = .
 *(.data)
 *(.data*)
 .data.AnalogThreadData
                0x1fff0000       0x30 ./Sources/main.o
 .data.impure_data
                0x1fff0030       0x60 c:/freescale/kds_3.0.0/toolchain/bin/../lib/gcc/arm-none-eabi/4.8.4/../../../../arm-none-eabi/lib/armv7e-m/fpu\libg_s.a(lib_a-impure.o)
                0x1fff0090                . = ALIGN (0x4)
                0x1fff0090                _edata = .
                0x00000090                ___data_size = (_edata - _sdata)
                0x00001e3c                ___m_data_20000000_ROMStart = (___ROM_AT + SIZEOF (.data))

.jcr            0x1fff0090        0x0 load address 0x00001e3c
 .jcr           0x1fff0090        0x0 c:/freescale/kds_3.0.0/toolchain/bin/../lib/gcc/arm-none-eabi/4.8.4/armv7e-m/fpu/crtbegin.o

.igot.plt       0x1fff0090        0x0 load address 0x00001e3c
 .igot.plt      0x00000000        0x0 c:/freescale/kds_3.0.0/toolchain/bin/../lib/gcc/arm-none-eabi/4.8.4/armv7e-m/fpu/crtbegin.o

.m_data_20000000
                0x20000000        0x0 load address 0x00001e3c
                0x20000000                . = ALIGN (0x4)
                0x20000000                ___m_data_20000000_RAMStart = .
 *(.m_data_20000000)
                0x20000000                ___m_data_20000000_RAMEnd = .
                0x20000000                . = ALIGN (0x4)
                0x00000000                ___m_data_20000000_ROMSize = (___m_data_20000000_RAMEnd - ___m_data_20000000_RAMStart)
                0x20000000                . = ALIGN (0x4)

.bss            0x1fff0090     0x1400 load address 0x00001e40
                0x1fff0090                __START_BSS = .
                0x1fff0090                PROVIDE (__bss_start__, __START_BSS)
 *(.bss)
 .bss           0x1fff0090       0x1c c:/freescale/kds_3.0.0/toolchain/bin/../lib/gcc/arm-none-eabi/4.8.4/armv7e-m/fpu/crtbegin.o
 *(.bss*)
 *fill*         0x1fff00ac        0x4 
 .bss.InitModulesThreadStack
                0x1fff00b0      0x190 ./Sources/main.o
 .bss.AnalogThreadStacks
                0x1fff0240      0x960 ./Sources/main.o
 .bss.SR_lock   0x1fff0ba0        0x1 ./Generated_Code/Cpu.o
                0x1fff0ba0                SR_lock
 *fill*         0x1fff0ba1        0x3 
 .bss.TCBUnusedMain
                0x1fff0ba4       0x18 C:\Users\13113117\Desktop\UTS_EmbeddedSoftware\Library\libOS.a(OS.o)
 .bss.TCBTable  0x1fff0bbc      0x300 C:\Users\13113117\Desktop\UTS_EmbeddedSoftware\Library\libOS.a(OS.o)
 .bss.pTCBFreeList
                0x1fff0ebc        0x4 C:\Users\13113117\Desktop\UTS_EmbeddedSoftware\Library\libOS.a(OS.o)
 .bss.pTCBAllocatedList
                0x1fff0ec0        0x4 C:\Users\13113117\Desktop\UTS_EmbeddedSoftware\Library\libOS.a(OS.o)
 .bss.pTCBPriorityTable
                0x1fff0ec4       0x80 C:\Users\13113117\Desktop\UTS_EmbeddedSoftware\Library\libOS.a(OS.o)
 .bss.pTCBRunning
                0x1fff0f44        0x4 C:\Users\13113117\Desktop\UTS_EmbeddedSoftware\Library\libOS.a(OS.o)
 .bss.pTCBHighestReady
                0x1fff0f48        0x4 C:\Users\13113117\Desktop\UTS_EmbeddedSoftware\Library\libOS.a(OS.o)
 .bss.ReadyList
                0x1fff0f4c        0x4 C:\Users\13113117\Desktop\UTS_EmbeddedSoftware\Library\libOS.a(OS.o)
 .bss.ECBTable  0x1fff0f50      0x100 C:\Users\13113117\Desktop\UTS_EmbeddedSoftware\Library\libOS.a(OS.o)
 .bss.NextECBFree
                0x1fff1050        0x1 C:\Users\13113117\Desktop\UTS_EmbeddedSoftware\Library\libOS.a(OS.o)
 *fill*         0x1fff1051        0x3 
 .bss.IdleCounter
                0x1fff1054        0x4 C:\Users\13113117\Desktop\UTS_EmbeddedSoftware\Library\libOS.a(OS.o)
 .bss.IdleStack
                0x1fff1058      0x400 C:\Users\13113117\Desktop\UTS_EmbeddedSoftware\Library\libOS.a(OS.o)
 .bss.Ticks     0x1fff1458        0x4 C:\Users\13113117\Desktop\UTS_EmbeddedSoftware\Library\libOS.a(OS.o)
 .bss.ToggleCntr
                0x1fff145c        0x4 C:\Users\13113117\Desktop\UTS_EmbeddedSoftware\Library\libOS.a(OS.o)
 .bss.ToggleLED
                0x1fff1460        0x1 C:\Users\13113117\Desktop\UTS_EmbeddedSoftware\Library\libOS.a(OS.o)
 .bss.ISRNestLevel
                0x1fff1461        0x1 C:\Users\13113117\Desktop\UTS_EmbeddedSoftware\Library\libOS.a(OS.o)
 *fill*         0x1fff1462        0x2 
 .bss.ADCCommandUnion
                0x1fff1464        0x4 C:\Users\13113117\Desktop\UTS_EmbeddedSoftware\Library\libAnalog.a(analog.o)
 *(COMMON)
 COMMON         0x1fff1468       0x22 ./Sources/main.o
                0x1fff1468                NbRaises
                0x1fff146c                NvTowerNb
                0x1fff1470                SemSamplesReady
                0x1fff1474                Packet
                0x1fff147c                NvTowerMode
                0x1fff1480                NbLowers
                0x1fff1484                Timing_Mode
                0x1fff1488                Frequency
 COMMON         0x1fff148a        0x1 ./Generated_Code/Cpu.o
                0x1fff148a                SR_reg
 *fill*         0x1fff148b        0x1 
 COMMON         0x1fff148c        0x4 C:\Users\13113117\Desktop\UTS_EmbeddedSoftware\Library\libAnalog.a(analog.o)
                0x1fff148c                DACInput
                0x1fff1490                . = ALIGN (0x4)
                0x1fff1490                __END_BSS = .
                0x1fff1490                PROVIDE (__bss_end__, __END_BSS)
                0x00001e3c                _romp_at = ((___ROM_AT + SIZEOF (.data)) + SIZEOF (.m_data_20000000))

.romp           0x1fff1490       0x24 load address 0x00001e3c
                0x00001e3c                __S_romp = _romp_at
                0x1fff1490        0x4 LONG 0x1dac ___ROM_AT
                0x1fff1494        0x4 LONG 0x1fff0000 _sdata
                0x1fff1498        0x4 LONG 0x90 ___data_size
                0x1fff149c        0x4 LONG 0x1e3c ___m_data_20000000_ROMStart
                0x1fff14a0        0x4 LONG 0x20000000 ___m_data_20000000_RAMStart
                0x1fff14a4        0x4 LONG 0x0 ___m_data_20000000_ROMSize
                0x1fff14a8        0x4 LONG 0x0
                0x1fff14ac        0x4 LONG 0x0
                0x1fff14b0        0x4 LONG 0x0

._user_heap_stack
                0x1fff14b4      0x400 load address 0x00001e60
                0x1fff14b4                . = ALIGN (0x4)
                0x1fff14b4                PROVIDE (end, .)
                0x1fff14b4                PROVIDE (_end, .)
                0x1fff14b4                __heap_addr = .
                0x1fff14b4                __HeapBase = .
                0x1fff14b4                . = (. + __heap_size)
                0x1fff14b4                __HeapLimit = .
                0x1fff18b4                . = (. + __stack_size)
 *fill*         0x1fff14b4      0x400 
                0x1fff18b4                . = ALIGN (0x4)

.ARM.attributes
                0x00000000       0x30
 *(.ARM.attributes)
 .ARM.attributes
                0x00000000       0x22 c:/freescale/kds_3.0.0/toolchain/bin/../lib/gcc/arm-none-eabi/4.8.4/armv7e-m/fpu/crti.o
 .ARM.attributes
                0x00000022       0x34 c:/freescale/kds_3.0.0/toolchain/bin/../lib/gcc/arm-none-eabi/4.8.4/armv7e-m/fpu/crtbegin.o
 .ARM.attributes
                0x00000056       0x20 c:/freescale/kds_3.0.0/toolchain/bin/../lib/gcc/arm-none-eabi/4.8.4/../../../../arm-none-eabi/lib/armv7e-m/fpu/crt0.o
 .ARM.attributes
                0x00000076       0x39 ./Sources/main.o
 .ARM.attributes
                0x000000af       0x39 ./Project_Settings/Startup_Code/startup.o
 .ARM.attributes
                0x000000e8       0x39 ./Generated_Code/Cpu.o
 .ARM.attributes
                0x00000121       0x39 ./Generated_Code/Vectors.o
 .ARM.attributes
                0x0000015a       0x39 C:\Users\13113117\Desktop\UTS_EmbeddedSoftware\Library\libOS.a(OS.o)
 .ARM.attributes
                0x00000193       0x39 C:\Users\13113117\Desktop\UTS_EmbeddedSoftware\Library\libAnalog.a(analog.o)
 .ARM.attributes
                0x000001cc       0x39 C:\Users\13113117\Desktop\UTS_EmbeddedSoftware\Library\libAnalog.a(SPI.o)
 .ARM.attributes
                0x00000205       0x34 c:/freescale/kds_3.0.0/toolchain/bin/../lib/gcc/arm-none-eabi/4.8.4/../../../../arm-none-eabi/lib/armv7e-m/fpu\libg_s.a(lib_a-exit.o)
 .ARM.attributes
                0x00000239       0x34 c:/freescale/kds_3.0.0/toolchain/bin/../lib/gcc/arm-none-eabi/4.8.4/../../../../arm-none-eabi/lib/armv7e-m/fpu\libg_s.a(lib_a-impure.o)
 .ARM.attributes
                0x0000026d       0x34 c:/freescale/kds_3.0.0/toolchain/bin/../lib/gcc/arm-none-eabi/4.8.4/../../../../arm-none-eabi/lib/armv7e-m/fpu\libg_s.a(lib_a-init.o)
 .ARM.attributes
                0x000002a1       0x34 c:/freescale/kds_3.0.0/toolchain/bin/../lib/gcc/arm-none-eabi/4.8.4/../../../../arm-none-eabi/lib/armv7e-m/fpu\libg_s.a(lib_a-memset.o)
 .ARM.attributes
                0x000002d5       0x34 c:/freescale/kds_3.0.0/toolchain/bin/../lib/gcc/arm-none-eabi/4.8.4/../../../../arm-none-eabi/lib/armv7e-m/fpu\libnosys.a(_exit.o)
 .ARM.attributes
                0x00000309       0x22 c:/freescale/kds_3.0.0/toolchain/bin/../lib/gcc/arm-none-eabi/4.8.4/armv7e-m/fpu/crtn.o
OUTPUT(Project.elf elf32-littlearm)

.debug_info     0x00000000     0x359e
 .debug_info    0x00000000      0x891 ./Sources/main.o
 .debug_info    0x00000891      0x3b0 ./Project_Settings/Startup_Code/startup.o
 .debug_info    0x00000c41      0xc82 ./Generated_Code/Cpu.o
 .debug_info    0x000018c3      0x10f ./Generated_Code/Vectors.o
 .debug_info    0x000019d2      0xd02 C:\Users\13113117\Desktop\UTS_EmbeddedSoftware\Library\libOS.a(OS.o)
 .debug_info    0x000026d4      0x46a C:\Users\13113117\Desktop\UTS_EmbeddedSoftware\Library\libAnalog.a(analog.o)
 .debug_info    0x00002b3e      0xa60 C:\Users\13113117\Desktop\UTS_EmbeddedSoftware\Library\libAnalog.a(SPI.o)

.debug_abbrev   0x00000000      0xc47
 .debug_abbrev  0x00000000      0x277 ./Sources/main.o
 .debug_abbrev  0x00000277      0x189 ./Project_Settings/Startup_Code/startup.o
 .debug_abbrev  0x00000400      0x185 ./Generated_Code/Cpu.o
 .debug_abbrev  0x00000585       0xa4 ./Generated_Code/Vectors.o
 .debug_abbrev  0x00000629      0x2f8 C:\Users\13113117\Desktop\UTS_EmbeddedSoftware\Library\libOS.a(OS.o)
 .debug_abbrev  0x00000921      0x151 C:\Users\13113117\Desktop\UTS_EmbeddedSoftware\Library\libAnalog.a(analog.o)
 .debug_abbrev  0x00000a72      0x1d5 C:\Users\13113117\Desktop\UTS_EmbeddedSoftware\Library\libAnalog.a(SPI.o)

.debug_aranges  0x00000000      0x290
 .debug_aranges
                0x00000000       0x98 ./Sources/main.o
 .debug_aranges
                0x00000098       0x50 ./Project_Settings/Startup_Code/startup.o
 .debug_aranges
                0x000000e8       0x38 ./Generated_Code/Cpu.o
 .debug_aranges
                0x00000120       0x18 ./Generated_Code/Vectors.o
 .debug_aranges
                0x00000138       0xc8 C:\Users\13113117\Desktop\UTS_EmbeddedSoftware\Library\libOS.a(OS.o)
 .debug_aranges
                0x00000200       0x38 C:\Users\13113117\Desktop\UTS_EmbeddedSoftware\Library\libAnalog.a(analog.o)
 .debug_aranges
                0x00000238       0x58 C:\Users\13113117\Desktop\UTS_EmbeddedSoftware\Library\libAnalog.a(SPI.o)

.debug_ranges   0x00000000      0x218
 .debug_ranges  0x00000000       0x88 ./Sources/main.o
 .debug_ranges  0x00000088       0x40 ./Project_Settings/Startup_Code/startup.o
 .debug_ranges  0x000000c8       0x28 ./Generated_Code/Cpu.o
 .debug_ranges  0x000000f0       0xb8 C:\Users\13113117\Desktop\UTS_EmbeddedSoftware\Library\libOS.a(OS.o)
 .debug_ranges  0x000001a8       0x28 C:\Users\13113117\Desktop\UTS_EmbeddedSoftware\Library\libAnalog.a(analog.o)
 .debug_ranges  0x000001d0       0x48 C:\Users\13113117\Desktop\UTS_EmbeddedSoftware\Library\libAnalog.a(SPI.o)

.debug_macro    0x00000000    0x19ac3
 .debug_macro   0x00000000      0x1ee ./Sources/main.o
 .debug_macro   0x000001ee     0x17fa ./Sources/main.o
 .debug_macro   0x000019e8       0x9a ./Sources/main.o
 .debug_macro   0x00001a82       0x30 ./Sources/main.o
 .debug_macro   0x00001ab2       0x10 ./Sources/main.o
 .debug_macro   0x00001ac2       0x3a ./Sources/main.o
 .debug_macro   0x00001afc      0x121 ./Project_Settings/Startup_Code/startup.o
 .debug_macro   0x00001c1d       0x4a ./Project_Settings/Startup_Code/startup.o
 .debug_macro   0x00001c67      0x2a6 ./Project_Settings/Startup_Code/startup.o
 .debug_macro   0x00001f0d       0x10 ./Project_Settings/Startup_Code/startup.o
 .debug_macro   0x00001f1d       0x35 ./Project_Settings/Startup_Code/startup.o
 .debug_macro   0x00001f52       0x16 ./Project_Settings/Startup_Code/startup.o
 .debug_macro   0x00001f68       0x22 ./Project_Settings/Startup_Code/startup.o
 .debug_macro   0x00001f8a       0x16 ./Project_Settings/Startup_Code/startup.o
 .debug_macro   0x00001fa0      0x20f ./Project_Settings/Startup_Code/startup.o
 .debug_macro   0x000021af    0x174af ./Project_Settings/Startup_Code/startup.o
 .debug_macro   0x0001965e       0x84 ./Generated_Code/Cpu.o
 .debug_macro   0x000196e2       0xa0 ./Generated_Code/Cpu.o
 .debug_macro   0x00019782       0x9d ./Generated_Code/Vectors.o
 .debug_macro   0x0001981f       0xa3 C:\Users\13113117\Desktop\UTS_EmbeddedSoftware\Library\libOS.a(OS.o)
 .debug_macro   0x000198c2       0x94 C:\Users\13113117\Desktop\UTS_EmbeddedSoftware\Library\libOS.a(OS.o)
 .debug_macro   0x00019956       0xf5 C:\Users\13113117\Desktop\UTS_EmbeddedSoftware\Library\libAnalog.a(analog.o)
 .debug_macro   0x00019a4b       0x10 C:\Users\13113117\Desktop\UTS_EmbeddedSoftware\Library\libAnalog.a(analog.o)
 .debug_macro   0x00019a5b       0x68 C:\Users\13113117\Desktop\UTS_EmbeddedSoftware\Library\libAnalog.a(SPI.o)

.debug_line     0x00000000     0x17a3
 .debug_line    0x00000000      0x596 ./Sources/main.o
 .debug_line    0x00000596      0x3de ./Project_Settings/Startup_Code/startup.o
 .debug_line    0x00000974      0x280 ./Generated_Code/Cpu.o
 .debug_line    0x00000bf4      0x246 ./Generated_Code/Vectors.o
 .debug_line    0x00000e3a      0x496 C:\Users\13113117\Desktop\UTS_EmbeddedSoftware\Library\libOS.a(OS.o)
 .debug_line    0x000012d0      0x200 C:\Users\13113117\Desktop\UTS_EmbeddedSoftware\Library\libAnalog.a(analog.o)
 .debug_line    0x000014d0      0x2d3 C:\Users\13113117\Desktop\UTS_EmbeddedSoftware\Library\libAnalog.a(SPI.o)

.debug_str      0x00000000    0x8f126
 .debug_str     0x00000000    0x8cf1d ./Sources/main.o
                              0x8d217 (size before relaxing)
 .debug_str     0x0008cf1d     0x116d ./Project_Settings/Startup_Code/startup.o
                              0x853f5 (size before relaxing)
 .debug_str     0x0008e08a      0x366 ./Generated_Code/Cpu.o
                              0x8aa26 (size before relaxing)
 .debug_str     0x0008e3f0       0x1c ./Generated_Code/Vectors.o
                              0x8a77f (size before relaxing)
 .debug_str     0x0008e40c      0x3f6 C:\Users\13113117\Desktop\UTS_EmbeddedSoftware\Library\libOS.a(OS.o)
                              0x8ad2a (size before relaxing)
 .debug_str     0x0008e802      0x57a C:\Users\13113117\Desktop\UTS_EmbeddedSoftware\Library\libAnalog.a(analog.o)
                               0x3866 (size before relaxing)
 .debug_str     0x0008ed7c      0x3aa C:\Users\13113117\Desktop\UTS_EmbeddedSoftware\Library\libAnalog.a(SPI.o)
                              0x83389 (size before relaxing)

.comment        0x00000000       0x70
 .comment       0x00000000       0x70 ./Sources/main.o
                                 0x71 (size before relaxing)
 .comment       0x00000000       0x71 ./Project_Settings/Startup_Code/startup.o
 .comment       0x00000000       0x71 ./Generated_Code/Cpu.o
 .comment       0x00000000       0x71 ./Generated_Code/Vectors.o
 .comment       0x00000000       0x71 C:\Users\13113117\Desktop\UTS_EmbeddedSoftware\Library\libOS.a(OS.o)
 .comment       0x00000000       0x71 C:\Users\13113117\Desktop\UTS_EmbeddedSoftware\Library\libAnalog.a(analog.o)
 .comment       0x00000000       0x71 C:\Users\13113117\Desktop\UTS_EmbeddedSoftware\Library\libAnalog.a(SPI.o)

.debug_frame    0x00000000      0x7f8
 .debug_frame   0x00000000      0x1f4 ./Sources/main.o
 .debug_frame   0x000001f4       0xc0 ./Project_Settings/Startup_Code/startup.o
 .debug_frame   0x000002b4       0x80 ./Generated_Code/Cpu.o
 .debug_frame   0x00000334      0x2a0 C:\Users\13113117\Desktop\UTS_EmbeddedSoftware\Library\libOS.a(OS.o)
 .debug_frame   0x000005d4       0x90 C:\Users\13113117\Desktop\UTS_EmbeddedSoftware\Library\libAnalog.a(analog.o)
 .debug_frame   0x00000664      0x100 C:\Users\13113117\Desktop\UTS_EmbeddedSoftware\Library\libAnalog.a(SPI.o)
 .debug_frame   0x00000764       0x28 c:/freescale/kds_3.0.0/toolchain/bin/../lib/gcc/arm-none-eabi/4.8.4/../../../../arm-none-eabi/lib/armv7e-m/fpu\libg_s.a(lib_a-exit.o)
 .debug_frame   0x0000078c       0x2c c:/freescale/kds_3.0.0/toolchain/bin/../lib/gcc/arm-none-eabi/4.8.4/../../../../arm-none-eabi/lib/armv7e-m/fpu\libg_s.a(lib_a-init.o)
 .debug_frame   0x000007b8       0x20 c:/freescale/kds_3.0.0/toolchain/bin/../lib/gcc/arm-none-eabi/4.8.4/../../../../arm-none-eabi/lib/armv7e-m/fpu\libg_s.a(lib_a-memset.o)
 .debug_frame   0x000007d8       0x20 c:/freescale/kds_3.0.0/toolchain/bin/../lib/gcc/arm-none-eabi/4.8.4/../../../../arm-none-eabi/lib/armv7e-m/fpu\libnosys.a(_exit.o)
